▶ vendoring three@0.160.0 (full examples/jsm so addon internal imports resolve)
npm warn Unknown env config "http-proxy". This will stop working in the next major version of npm.
npm notice
npm notice 📦  three@0.160.0
npm notice Tarball Contents
npm notice 1.1kB LICENSE
npm notice 3.0kB README.md
npm notice 1.3MB build/three.cjs
npm notice 1.3MB build/three.js
npm notice 669.9kB build/three.min.js
npm notice 1.3MB build/three.module.js
npm notice 670.7kB build/three.module.min.js
npm notice 329.9kB examples/fonts/droid/droid_sans_bold.typeface.json
npm notice 190.6kB examples/fonts/droid/droid_sans_mono_regular.typeface.json
npm notice 319.9kB examples/fonts/droid/droid_sans_regular.typeface.json
npm notice 485.4kB examples/fonts/droid/droid_serif_bold.typeface.json
npm notice 477.1kB examples/fonts/droid/droid_serif_regular.typeface.json
npm notice 10.7kB examples/fonts/droid/NOTICE
npm notice 692B examples/fonts/droid/README.txt
npm notice 649.3kB examples/fonts/gentilis_bold.typeface.json
npm notice 627.5kB examples/fonts/gentilis_regular.typeface.json
npm notice 61.6kB examples/fonts/helvetiker_bold.typeface.json
npm notice 63.2kB examples/fonts/helvetiker_regular.typeface.json
npm notice 2.0kB examples/fonts/LICENSE
npm notice 112.2kB examples/fonts/optimer_bold.typeface.json
npm notice 110.7kB examples/fonts/optimer_regular.typeface.json
npm notice 334B examples/fonts/README.md
npm notice 18.1kB examples/fonts/ttf/kenpixel.ttf
npm notice 188B examples/fonts/ttf/README.md
npm notice 12.0kB examples/jsm/Addons.js
npm notice 2.6kB examples/jsm/animation/AnimationClipCreator.js
npm notice 9.9kB examples/jsm/animation/CCDIKSolver.js
npm notice 25.1kB examples/jsm/animation/MMDAnimationHelper.js
npm notice 28.1kB examples/jsm/animation/MMDPhysics.js
npm notice 6.1kB examples/jsm/cameras/CinematicCamera.js
npm notice 2.1kB examples/jsm/capabilities/WebGL.js
npm notice 1.0kB examples/jsm/capabilities/WebGPU.js
npm notice 80.1kB examples/jsm/controls/ArcballControls.js
npm notice 4.6kB examples/jsm/controls/DragControls.js
npm notice 6.8kB examples/jsm/controls/FirstPersonControls.js
npm notice 8.0kB examples/jsm/controls/FlyControls.js
npm notice 863B examples/jsm/controls/MapControls.js
npm notice 29.9kB examples/jsm/controls/OrbitControls.js
npm notice 3.3kB examples/jsm/controls/PointerLockControls.js
npm notice 17.4kB examples/jsm/controls/TrackballControls.js
npm notice 40.6kB examples/jsm/controls/TransformControls.js
npm notice 9.3kB examples/jsm/csm/CSM.js
npm notice 2.7kB examples/jsm/csm/CSMFrustum.js
npm notice 5.8kB examples/jsm/csm/CSMHelper.js
npm notice 10.6kB examples/jsm/csm/CSMShader.js
npm notice 7.3kB examples/jsm/curves/CurveExtras.js
npm notice 1.9kB examples/jsm/curves/NURBSCurve.js
npm notice 1.3kB examples/jsm/curves/NURBSSurface.js
npm notice 7.9kB examples/jsm/curves/NURBSUtils.js
npm notice 3.5kB examples/jsm/effects/AnaglyphEffect.js
npm notice 6.1kB examples/jsm/effects/AsciiEffect.js
npm notice 13.0kB examples/jsm/effects/OutlineEffect.js
npm notice 2.4kB examples/jsm/effects/ParallaxBarrierEffect.js
npm notice 3.5kB examples/jsm/effects/PeppersGhostEffect.js
npm notice 1.2kB examples/jsm/effects/StereoEffect.js
npm notice 1.3kB examples/jsm/environments/DebugEnvironment.js
npm notice 3.7kB examples/jsm/environments/RoomEnvironment.js
npm notice 6.6kB examples/jsm/exporters/DRACOExporter.js
npm notice 12.8kB examples/jsm/exporters/EXRExporter.js
npm notice 77.7kB examples/jsm/exporters/GLTFExporter.js
npm notice 6.6kB examples/jsm/exporters/KTX2Exporter.js
npm notice 4.1kB examples/jsm/exporters/MMDExporter.js
npm notice 5.4kB examples/jsm/exporters/OBJExporter.js
npm notice 12.0kB examples/jsm/exporters/PLYExporter.js
npm notice 3.9kB examples/jsm/exporters/STLExporter.js
npm notice 17.0kB examples/jsm/exporters/USDZExporter.js
npm notice 2.0kB examples/jsm/geometries/BoxLineGeometry.js
npm notice 1.0kB examples/jsm/geometries/ConvexGeometry.js
npm notice 8.5kB examples/jsm/geometries/DecalGeometry.js
npm notice 2.9kB examples/jsm/geometries/InstancedPointsGeometry.js
npm notice 5.5kB examples/jsm/geometries/ParametricGeometries.js
npm notice 2.5kB examples/jsm/geometries/ParametricGeometry.js
npm notice 4.6kB examples/jsm/geometries/RoundedBoxGeometry.js
npm notice 4.2kB examples/jsm/geometries/SDFGeometryGenerator.js
npm notice 19.5kB examples/jsm/geometries/TeapotGeometry.js
npm notice 1.3kB examples/jsm/geometries/TextGeometry.js
npm notice 2.8kB examples/jsm/helpers/LightProbeHelper.js
npm notice 2.0kB examples/jsm/helpers/OctreeHelper.js
npm notice 2.7kB examples/jsm/helpers/PositionalAudioHelper.js
npm notice 2.1kB examples/jsm/helpers/RectAreaLightHelper.js
npm notice 4.4kB examples/jsm/helpers/TextureHelper.js
npm notice 1.8kB examples/jsm/helpers/VertexNormalsHelper.js
npm notice 1.7kB examples/jsm/helpers/VertexTangentsHelper.js
npm notice 8.1kB examples/jsm/helpers/ViewHelper.js
npm notice 12.8kB examples/jsm/interactive/HTMLMesh.js
npm notice 3.0kB examples/jsm/interactive/InteractiveGroup.js
npm notice 6.1kB examples/jsm/interactive/SelectionBox.js
npm notice 2.6kB examples/jsm/interactive/SelectionHelper.js
npm notice 393.8kB examples/jsm/libs/ammo.wasm.js
npm notice 651.4kB examples/jsm/libs/ammo.wasm.wasm
npm notice 62.3kB examples/jsm/libs/basis/basis_transcoder.js
npm notice 499.9kB examples/jsm/libs/basis/basis_transcoder.wasm
npm notice 1.4kB examples/jsm/libs/basis/README.md
npm notice 157.4kB examples/jsm/libs/chevrotain.module.min.js
npm notice 719.4kB examples/jsm/libs/draco/draco_decoder.js
npm notice 285.7kB examples/jsm/libs/draco/draco_decoder.wasm
npm notice 928.7kB examples/jsm/libs/draco/draco_encoder.js
npm notice 58.8kB examples/jsm/libs/draco/draco_wasm_wrapper.js
npm notice 512.5kB examples/jsm/libs/draco/gltf/draco_decoder.js
npm notice 192.4kB examples/jsm/libs/draco/gltf/draco_decoder.wasm
npm notice 954.4kB examples/jsm/libs/draco/gltf/draco_encoder.js
npm notice 58.5kB examples/jsm/libs/draco/gltf/draco_wasm_wrapper.js
npm notice 1.5kB examples/jsm/libs/draco/README.md
npm notice 45.5kB examples/jsm/libs/ecsy.module.js
npm notice 83.3kB examples/jsm/libs/fflate.module.js
npm notice 18.7kB examples/jsm/libs/ktx-parse.module.js
npm notice 29.5kB examples/jsm/libs/lil-gui.module.min.js
npm notice 477.0kB examples/jsm/libs/lottie_canvas.module.js
npm notice 24.9kB examples/jsm/libs/meshopt_decoder.module.js
npm notice 48.5kB examples/jsm/libs/mikktspace.module.js
npm notice 158.6kB examples/jsm/libs/mmdparser.module.js
npm notice 13.5kB examples/jsm/libs/motion-controllers.module.js
npm notice 467.5kB examples/jsm/libs/opentype.module.js
npm notice 4.0kB examples/jsm/libs/potpack.module.js
npm notice 321.0kB examples/jsm/libs/rhino3dm/rhino3dm.js
npm notice 321.3kB examples/jsm/libs/rhino3dm/rhino3dm.module.js
npm notice 10.1MB examples/jsm/libs/rhino3dm/rhino3dm.wasm
npm notice 3.5kB examples/jsm/libs/stats.module.js
npm notice 5.5kB examples/jsm/libs/surfaceNet.js
npm notice 31.3kB examples/jsm/libs/tween.module.js
npm notice 100.8kB examples/jsm/libs/utif.module.js
npm notice 39.8kB examples/jsm/libs/zstddec.module.js
npm notice 387B examples/jsm/lights/IESSpotLight.js
npm notice 6.1kB examples/jsm/lights/LightProbeGenerator.js
npm notice 313.9kB examples/jsm/lights/RectAreaLightUniformsLib.js
npm notice 433B examples/jsm/lines/Line2.js
npm notice 1.5kB examples/jsm/lines/LineGeometry.js
npm notice 11.3kB examples/jsm/lines/LineMaterial.js
npm notice 9.3kB examples/jsm/lines/LineSegments2.js
npm notice 4.6kB examples/jsm/lines/LineSegmentsGeometry.js
npm notice 1.6kB examples/jsm/lines/Wireframe.js
npm notice 419B examples/jsm/lines/WireframeGeometry2.js
npm notice 37.6kB examples/jsm/loaders/3DMLoader.js
npm notice 34.5kB examples/jsm/loaders/3MFLoader.js
npm notice 10.7kB examples/jsm/loaders/AMFLoader.js
npm notice 9.0kB examples/jsm/loaders/BVHLoader.js
npm notice 83.8kB examples/jsm/loaders/ColladaLoader.js
npm notice 7.2kB examples/jsm/loaders/DDSLoader.js
npm notice 13.6kB examples/jsm/loaders/DRACOLoader.js
npm notice 55.0kB examples/jsm/loaders/EXRLoader.js
npm notice 101.5kB examples/jsm/loaders/FBXLoader.js
npm notice 3.2kB examples/jsm/loaders/FontLoader.js
npm notice 5.4kB examples/jsm/loaders/GCodeLoader.js
npm notice 108.5kB examples/jsm/loaders/GLTFLoader.js
npm notice 2.2kB examples/jsm/loaders/HDRCubeTextureLoader.js
npm notice 7.1kB examples/jsm/loaders/IESLoader.js
npm notice 2.2kB examples/jsm/loaders/KMZLoader.js
npm notice 22.6kB examples/jsm/loaders/KTX2Loader.js
npm notice 6.5kB examples/jsm/loaders/KTXLoader.js
npm notice 57.2kB examples/jsm/loaders/LDrawLoader.js
npm notice 19.4kB examples/jsm/loaders/LogLuvLoader.js
npm notice 1.5kB examples/jsm/loaders/LottieLoader.js
npm notice 3.9kB examples/jsm/loaders/LUT3dlLoader.js
npm notice 3.4kB examples/jsm/loaders/LUTCubeLoader.js
npm notice 3.3kB examples/jsm/loaders/LUTImageLoader.js
npm notice 26.3kB examples/jsm/loaders/lwo/IFFParser.js
npm notice 10.1kB examples/jsm/loaders/lwo/LWO2Parser.js
npm notice 9.3kB examples/jsm/loaders/lwo/LWO3Parser.js
npm notice 23.5kB examples/jsm/loaders/LWOLoader.js
npm notice 15.3kB examples/jsm/loaders/MaterialXLoader.js
npm notice 12.4kB examples/jsm/loaders/MD2Loader.js
npm notice 2.3kB examples/jsm/loaders/MDDLoader.js
npm notice 51.9kB examples/jsm/loaders/MMDLoader.js
npm notice 10.6kB examples/jsm/loaders/MTLLoader.js
npm notice 13.5kB examples/jsm/loaders/NRRDLoader.js
npm notice 21.2kB examples/jsm/loaders/OBJLoader.js
npm notice 12.3kB examples/jsm/loaders/PCDLoader.js
npm notice 6.9kB examples/jsm/loaders/PDBLoader.js
npm notice 16.6kB examples/jsm/loaders/PLYLoader.js
npm notice 4.7kB examples/jsm/loaders/PVRLoader.js
npm notice 11.4kB examples/jsm/loaders/RGBELoader.js
npm notice 28.3kB examples/jsm/loaders/RGBMLoader.js
npm notice 10.0kB examples/jsm/loaders/STLLoader.js
npm notice 69.6kB examples/jsm/loaders/SVGLoader.js
npm notice 24.7kB examples/jsm/loaders/TDSLoader.js
npm notice 11.2kB examples/jsm/loaders/TGALoader.js
npm notice 572B examples/jsm/loaders/TIFFLoader.js
npm notice 14.5kB examples/jsm/loaders/TiltLoader.js
npm notice 4.2kB examples/jsm/loaders/TTFLoader.js
npm notice 17.5kB examples/jsm/loaders/USDZLoader.js
npm notice 8.8kB examples/jsm/loaders/VOXLoader.js
npm notice 73.2kB examples/jsm/loaders/VRMLLoader.js
npm notice 27.5kB examples/jsm/loaders/VTKLoader.js
npm notice 1.9kB examples/jsm/loaders/XYZLoader.js
npm notice 9.7kB examples/jsm/materials/MeshGouraudMaterial.js
npm notice 1.5kB examples/jsm/math/Capsule.js
npm notice 723B examples/jsm/math/ColorConverter.js
npm notice 21.8kB examples/jsm/math/ConvexHull.js
npm notice 2.6kB examples/jsm/math/ImprovedNoise.js
npm notice 3.8kB examples/jsm/math/Lut.js
npm notice 5.7kB examples/jsm/math/MeshSurfaceSampler.js
npm notice 10.2kB examples/jsm/math/OBB.js
npm notice 10.4kB examples/jsm/math/Octree.js
npm notice 14.4kB examples/jsm/math/SimplexNoise.js
npm notice 13.6kB examples/jsm/misc/ConvexObjectBreaker.js
npm notice 11.8kB examples/jsm/misc/GPUComputationRenderer.js
npm notice 1.2kB examples/jsm/misc/Gyroscope.js
npm notice 5.2kB examples/jsm/misc/MD2Character.js
npm notice 12.0kB examples/jsm/misc/MD2CharacterComplex.js
npm notice 1.1kB examples/jsm/misc/MorphAnimMesh.js
npm notice 5.5kB examples/jsm/misc/MorphBlendMesh.js
npm notice 11.1kB examples/jsm/misc/ProgressiveLightMap.js
npm notice 13.8kB examples/jsm/misc/RollerCoaster.js
npm notice 1.9kB examples/jsm/misc/Timer.js
npm notice 4.6kB examples/jsm/misc/TubePainter.js
npm notice 13.5kB examples/jsm/misc/Volume.js
npm notice 6.2kB examples/jsm/misc/VolumeSlice.js
npm notice 9.4kB examples/jsm/modifiers/CurveModifier.js
npm notice 5.3kB examples/jsm/modifiers/EdgeSplitModifier.js
npm notice 12.2kB examples/jsm/modifiers/SimplifyModifier.js
npm notice 6.2kB examples/jsm/modifiers/TessellateModifier.js
npm notice 2.4kB examples/jsm/nodes/accessors/BitangentNode.js
npm notice 3.1kB examples/jsm/nodes/accessors/BufferAttributeNode.js
npm notice 612B examples/jsm/nodes/accessors/BufferNode.js
npm notice 2.9kB examples/jsm/nodes/accessors/CameraNode.js
npm notice 959B examples/jsm/nodes/accessors/CubeTextureNode.js
npm notice 585B examples/jsm/nodes/accessors/InstancedPointsMaterialNode.js
npm notice 2.0kB examples/jsm/nodes/accessors/InstanceNode.js
npm notice 8.8kB examples/jsm/nodes/accessors/MaterialNode.js
npm notice 1.2kB examples/jsm/nodes/accessors/MaterialReferenceNode.js
npm notice 1.0kB examples/jsm/nodes/accessors/ModelNode.js
npm notice 944B examples/jsm/nodes/accessors/ModelViewProjectionNode.js
npm notice 6.3kB examples/jsm/nodes/accessors/MorphNode.js
npm notice 2.4kB examples/jsm/nodes/accessors/NormalNode.js
npm notice 3.8kB examples/jsm/nodes/accessors/Object3DNode.js
npm notice 444B examples/jsm/nodes/accessors/PointUVNode.js
npm notice 2.6kB examples/jsm/nodes/accessors/PositionNode.js
npm notice 1.7kB examples/jsm/nodes/accessors/ReferenceNode.js
npm notice 750B examples/jsm/nodes/accessors/ReflectVectorNode.js
npm notice 1.2kB examples/jsm/nodes/accessors/SceneNode.js
npm notice 2.7kB examples/jsm/nodes/accessors/SkinningNode.js
npm notice 599B examples/jsm/nodes/accessors/StorageBufferNode.js
npm notice 2.3kB examples/jsm/nodes/accessors/TangentNode.js
npm notice 3.0kB examples/jsm/nodes/accessors/TextureBicubicNode.js
npm notice 7.3kB examples/jsm/nodes/accessors/TextureNode.js
npm notice 880B examples/jsm/nodes/accessors/TextureSizeNode.js
npm notice 548B examples/jsm/nodes/accessors/TextureStoreNode.js
npm notice 663B examples/jsm/nodes/accessors/UserDataNode.js
npm notice 724B examples/jsm/nodes/accessors/UVNode.js
npm notice 1.3kB examples/jsm/nodes/code/CodeNode.js
npm notice 655B examples/jsm/nodes/code/ExpressionNode.js
npm notice 1.8kB examples/jsm/nodes/code/FunctionCallNode.js
npm notice 2.7kB examples/jsm/nodes/code/FunctionNode.js
npm notice 7.8kB examples/jsm/nodes/code/ScriptableNode.js
npm notice 3.2kB examples/jsm/nodes/code/ScriptableValueNode.js
npm notice 409B examples/jsm/nodes/core/ArrayUniformNode.js
npm notice 1.3kB examples/jsm/nodes/core/AssignNode.js
npm notice 2.0kB examples/jsm/nodes/core/AttributeNode.js
npm notice 743B examples/jsm/nodes/core/BypassNode.js
npm notice 933B examples/jsm/nodes/core/CacheNode.js
npm notice 608B examples/jsm/nodes/core/constants.js
npm notice 556B examples/jsm/nodes/core/ConstNode.js
npm notice 1.1kB examples/jsm/nodes/core/ContextNode.js
npm notice 1.2kB examples/jsm/nodes/core/IndexNode.js
npm notice 1.5kB examples/jsm/nodes/core/InputNode.js
npm notice 336B examples/jsm/nodes/core/LightingModel.js
npm notice 7.8kB examples/jsm/nodes/core/Node.js
npm notice 196B examples/jsm/nodes/core/NodeAttribute.js
npm notice 23.4kB examples/jsm/nodes/core/NodeBuilder.js
npm notice 274B examples/jsm/nodes/core/NodeCache.js
npm notice 217B examples/jsm/nodes/core/NodeCode.js
npm notice 2.4kB examples/jsm/nodes/core/NodeFrame.js
npm notice 330B examples/jsm/nodes/core/NodeFunction.js
npm notice 311B examples/jsm/nodes/core/NodeFunctionInput.js
npm notice 1.2kB examples/jsm/nodes/core/NodeKeywords.js
npm notice 127B examples/jsm/nodes/core/NodeParser.js
npm notice 446B examples/jsm/nodes/core/NodeUniform.js
npm notice 3.8kB examples/jsm/nodes/core/NodeUtils.js
npm notice 145B examples/jsm/nodes/core/NodeVar.js
npm notice 229B examples/jsm/nodes/core/NodeVarying.js
npm notice 1.3kB examples/jsm/nodes/core/OutputStructNode.js
npm notice 548B examples/jsm/nodes/core/ParameterNode.js
npm notice 2.3kB examples/jsm/nodes/core/PropertyNode.js
npm notice 1.5kB examples/jsm/nodes/core/StackNode.js
npm notice 314B examples/jsm/nodes/core/StructTypeNode.js
npm notice 1.3kB examples/jsm/nodes/core/TempNode.js
npm notice 134B examples/jsm/nodes/core/UniformGroup.js
npm notice 764B examples/jsm/nodes/core/UniformGroupNode.js
npm notice 1.6kB examples/jsm/nodes/core/UniformNode.js
npm notice 1.1kB examples/jsm/nodes/core/VarNode.js
npm notice 1.3kB examples/jsm/nodes/core/VaryingNode.js
npm notice 2.5kB examples/jsm/nodes/display/BlendModeNode.js
npm notice 2.6kB examples/jsm/nodes/display/BumpMapNode.js
npm notice 2.5kB examples/jsm/nodes/display/ColorAdjustmentNode.js
npm notice 2.7kB examples/jsm/nodes/display/ColorSpaceNode.js
npm notice 524B examples/jsm/nodes/display/FrontFacingNode.js
npm notice 4.1kB examples/jsm/nodes/display/GaussianBlurNode.js
npm notice 2.7kB examples/jsm/nodes/display/NormalMapNode.js
npm notice 4.0kB examples/jsm/nodes/display/PassNode.js
npm notice 628B examples/jsm/nodes/display/PosterizeNode.js
npm notice 3.6kB examples/jsm/nodes/display/ToneMappingNode.js
npm notice 2.8kB examples/jsm/nodes/display/ViewportDepthNode.js
npm notice 1.0kB examples/jsm/nodes/display/ViewportDepthTextureNode.js
npm notice 3.0kB examples/jsm/nodes/display/ViewportNode.js
npm notice 846B examples/jsm/nodes/display/ViewportSharedTextureNode.js
npm notice 2.0kB examples/jsm/nodes/display/ViewportTextureNode.js
npm notice 756B examples/jsm/nodes/fog/FogExp2Node.js
npm notice 575B examples/jsm/nodes/fog/FogNode.js
npm notice 734B examples/jsm/nodes/fog/FogRangeNode.js
npm notice 1.3kB examples/jsm/nodes/functions/BSDF/BRDF_GGX.js
npm notice 217B examples/jsm/nodes/functions/BSDF/BRDF_Lambert.js
npm notice 1.9kB examples/jsm/nodes/functions/BSDF/BRDF_Sheen.js
npm notice 668B examples/jsm/nodes/functions/BSDF/D_GGX.js
npm notice 861B examples/jsm/nodes/functions/BSDF/DFGApprox.js
npm notice 367B examples/jsm/nodes/functions/BSDF/EnvironmentBRDF.js
npm notice 549B examples/jsm/nodes/functions/BSDF/F_Schlick.js
npm notice 500B examples/jsm/nodes/functions/BSDF/Schlick_to_F0.js
npm notice 898B examples/jsm/nodes/functions/BSDF/V_GGX_SmithCorrelated.js
npm notice 375B examples/jsm/nodes/functions/material/getGeometryRoughness.js
npm notice 522B examples/jsm/nodes/functions/material/getRoughness.js
npm notice 2.0kB examples/jsm/nodes/functions/PhongLightingModel.js
npm notice 12.5kB examples/jsm/nodes/functions/PhysicalLightingModel.js
npm notice 2.7kB examples/jsm/nodes/geometry/RangeNode.js
npm notice 1.5kB examples/jsm/nodes/gpgpu/ComputeNode.js
npm notice 518B examples/jsm/nodes/lighting/AmbientLightNode.js
npm notice 6.9kB examples/jsm/nodes/lighting/AnalyticLightNode.js
npm notice 448B examples/jsm/nodes/lighting/AONode.js
npm notice 896B examples/jsm/nodes/lighting/DirectionalLightNode.js
npm notice 4.2kB examples/jsm/nodes/lighting/EnvironmentNode.js
npm notice 1.4kB examples/jsm/nodes/lighting/HemisphereLightNode.js
npm notice 886B examples/jsm/nodes/lighting/IESSpotLightNode.js
npm notice 1.7kB examples/jsm/nodes/lighting/LightingContextNode.js
npm notice 284B examples/jsm/nodes/lighting/LightingNode.js
npm notice 1.0kB examples/jsm/nodes/lighting/LightNode.js
npm notice 3.7kB examples/jsm/nodes/lighting/LightsNode.js
npm notice 649B examples/jsm/nodes/lighting/LightUtils.js
npm notice 1.6kB examples/jsm/nodes/lighting/PointLightNode.js
npm notice 2.3kB examples/jsm/nodes/lighting/SpotLightNode.js
npm notice 1.7kB examples/jsm/nodes/loaders/NodeLoader.js
npm notice 918B examples/jsm/nodes/loaders/NodeMaterialLoader.js
npm notice 1.1kB examples/jsm/nodes/loaders/NodeObjectLoader.js
npm notice 3.7kB examples/jsm/nodes/materials/InstancedPointsNodeMaterial.js
npm notice 12.2kB examples/jsm/nodes/materials/Line2NodeMaterial.js
npm notice 531B examples/jsm/nodes/materials/LineBasicNodeMaterial.js
npm notice 1.7kB examples/jsm/nodes/materials/LineDashedNodeMaterial.js
npm notice 1.2kB examples/jsm/nodes/materials/Materials.js
npm notice 565B examples/jsm/nodes/materials/MeshBasicNodeMaterial.js
npm notice 707B examples/jsm/nodes/materials/MeshLambertNodeMaterial.js
npm notice 1.0kB examples/jsm/nodes/materials/MeshNormalNodeMaterial.js
npm notice 1.4kB examples/jsm/nodes/materials/MeshPhongNodeMaterial.js
npm notice 4.4kB examples/jsm/nodes/materials/MeshPhysicalNodeMaterial.js
npm notice 1.9kB examples/jsm/nodes/materials/MeshStandardNodeMaterial.js
npm notice 11.8kB examples/jsm/nodes/materials/NodeMaterial.js
npm notice 653B examples/jsm/nodes/materials/PointsNodeMaterial.js
npm notice 2.4kB examples/jsm/nodes/materials/SpriteNodeMaterial.js
npm notice 10.6kB examples/jsm/nodes/materialx/DISCLAIMER.md
npm notice 2.7kB examples/jsm/nodes/materialx/lib/mx_hsv.js
npm notice 41.6kB examples/jsm/nodes/materialx/lib/mx_noise.js
npm notice 944B examples/jsm/nodes/materialx/lib/mx_transform_color.js
npm notice 4.3kB examples/jsm/nodes/materialx/MaterialXNodes.js
npm notice 2.1kB examples/jsm/nodes/math/CondNode.js
npm notice 794B examples/jsm/nodes/math/HashNode.js
npm notice 10.7kB examples/jsm/nodes/math/MathNode.js
npm notice 6.3kB examples/jsm/nodes/math/OperatorNode.js
npm notice 14.1kB examples/jsm/nodes/Nodes.js
npm notice 2.9kB examples/jsm/nodes/parsers/GLSLNodeFunction.js
npm notice 254B examples/jsm/nodes/parsers/GLSLNodeParser.js
npm notice 781B examples/jsm/nodes/procedural/CheckerNode.js
npm notice 14.7kB examples/jsm/nodes/shadernode/ShaderNode.js
npm notice 649B examples/jsm/nodes/utils/ArrayElementNode.js
npm notice 1.0kB examples/jsm/nodes/utils/ConvertNode.js
npm notice 739B examples/jsm/nodes/utils/DiscardNode.js
npm notice 797B examples/jsm/nodes/utils/EquirectUVNode.js
npm notice 1.8kB examples/jsm/nodes/utils/FunctionOverloadingNode.js
npm notice 1.2kB examples/jsm/nodes/utils/JoinNode.js
npm notice 4.4kB examples/jsm/nodes/utils/LoopNode.js
npm notice 783B examples/jsm/nodes/utils/MatcapUVNode.js
npm notice 938B examples/jsm/nodes/utils/MaxMipLevelNode.js
npm notice 1.6kB examples/jsm/nodes/utils/OscNode.js
npm notice 1.1kB examples/jsm/nodes/utils/PackingNode.js
npm notice 1.0kB examples/jsm/nodes/utils/RemapNode.js
npm notice 1.0kB examples/jsm/nodes/utils/RotateUVNode.js
npm notice 1.3kB examples/jsm/nodes/utils/SetNode.js
npm notice 982B examples/jsm/nodes/utils/SpecularMIPLevelNode.js
npm notice 2.1kB examples/jsm/nodes/utils/SplitNode.js
npm notice 961B examples/jsm/nodes/utils/SpriteSheetUVNode.js
npm notice 1.9kB examples/jsm/nodes/utils/TimerNode.js
npm notice 2.0kB examples/jsm/nodes/utils/TriplanarTexturesNode.js
npm notice 3.4kB examples/jsm/objects/GroundProjectedSkybox.js
npm notice 488B examples/jsm/objects/InstancedPoints.js
npm notice 8.8kB examples/jsm/objects/Lensflare.js
npm notice 38.0kB examples/jsm/objects/MarchingCubes.js
npm notice 1.0kB examples/jsm/objects/QuadMesh.js
npm notice 7.0kB examples/jsm/objects/Reflector.js
npm notice 10.4kB examples/jsm/objects/ReflectorForSSRPass.js
npm notice 8.2kB examples/jsm/objects/Refractor.js
npm notice 2.0kB examples/jsm/objects/ShadowMesh.js
npm notice 6.8kB examples/jsm/objects/Sky.js
npm notice 11.2kB examples/jsm/objects/Water.js
npm notice 8.4kB examples/jsm/objects/Water2.js
npm notice 645B examples/jsm/offscreen/jank.js
npm notice 188B examples/jsm/offscreen/offscreen.js
npm notice 2.1kB examples/jsm/offscreen/scene.js
npm notice 7.0kB examples/jsm/physics/AmmoPhysics.js
npm notice 4.2kB examples/jsm/physics/RapierPhysics.js
npm notice 2.2kB examples/jsm/postprocessing/AfterimagePass.js
npm notice 4.0kB examples/jsm/postprocessing/BloomPass.js
npm notice 3.4kB examples/jsm/postprocessing/BokehPass.js
npm notice 875B examples/jsm/postprocessing/ClearPass.js
npm notice 1.9kB examples/jsm/postprocessing/CubeTexturePass.js
npm notice 1.4kB examples/jsm/postprocessing/DotScreenPass.js
npm notice 4.7kB examples/jsm/postprocessing/EffectComposer.js
npm notice 1.2kB examples/jsm/postprocessing/FilmPass.js
npm notice 3.1kB examples/jsm/postprocessing/GlitchPass.js
npm notice 16.5kB examples/jsm/postprocessing/GTAOPass.js
npm notice 1.5kB examples/jsm/postprocessing/HalftonePass.js
npm notice 3.2kB examples/jsm/postprocessing/LUTPass.js
npm notice 2.2kB examples/jsm/postprocessing/MaskPass.js
npm notice 20.3kB examples/jsm/postprocessing/OutlinePass.js
npm notice 2.4kB examples/jsm/postprocessing/OutputPass.js
npm notice 1.7kB examples/jsm/postprocessing/Pass.js
npm notice 1.9kB examples/jsm/postprocessing/RenderPass.js
npm notice 6.2kB examples/jsm/postprocessing/RenderPixelatedPass.js
npm notice 11.4kB examples/jsm/postprocessing/SAOPass.js
npm notice 1.4kB examples/jsm/postprocessing/SavePass.js
npm notice 1.6kB examples/jsm/postprocessing/ShaderPass.js
npm notice 49.5kB examples/jsm/postprocessing/SMAAPass.js
npm notice 6.0kB examples/jsm/postprocessing/SSAARenderPass.js
npm notice 11.4kB examples/jsm/postprocessing/SSAOPass.js
npm notice 18.5kB examples/jsm/postprocessing/SSRPass.js
npm notice 4.9kB examples/jsm/postprocessing/TAARenderPass.js
npm notice 1.3kB examples/jsm/postprocessing/TexturePass.js
npm notice 12.4kB examples/jsm/postprocessing/UnrealBloomPass.js
npm notice 629B examples/jsm/renderers/common/Animation.js
npm notice 1.3kB examples/jsm/renderers/common/Attributes.js
npm notice 2.9kB examples/jsm/renderers/common/Backend.js
npm notice 3.6kB examples/jsm/renderers/common/Background.js
npm notice 265B examples/jsm/renderers/common/Binding.js
npm notice 3.1kB examples/jsm/renderers/common/Bindings.js
npm notice 472B examples/jsm/renderers/common/Buffer.js
npm notice 677B examples/jsm/renderers/common/BufferUtils.js
npm notice 1.1kB examples/jsm/renderers/common/ChainMap.js
npm notice 424B examples/jsm/renderers/common/Color4.js
npm notice 261B examples/jsm/renderers/common/ComputePipeline.js
npm notice 269B examples/jsm/renderers/common/Constants.js
npm notice 1.9kB examples/jsm/renderers/common/CubeRenderTarget.js
npm notice 510B examples/jsm/renderers/common/DataMap.js
npm notice 4.1kB examples/jsm/renderers/common/Geometries.js
npm notice 1.1kB examples/jsm/renderers/common/Info.js
npm notice 772B examples/jsm/renderers/common/nodes/NodeBuilderState.js
npm notice 10.8kB examples/jsm/renderers/common/nodes/Nodes.js
npm notice 767B examples/jsm/renderers/common/nodes/NodeSampledTexture.js
npm notice 240B examples/jsm/renderers/common/nodes/NodeSampler.js
npm notice 1.9kB examples/jsm/renderers/common/nodes/NodeUniform.js
npm notice 599B examples/jsm/renderers/common/nodes/NodeUniformsGroup.js
npm notice 130B examples/jsm/renderers/common/Pipeline.js
npm notice 6.9kB examples/jsm/renderers/common/Pipelines.js
npm notice 473B examples/jsm/renderers/common/PostProcessing.js
npm notice 198B examples/jsm/renderers/common/ProgrammableStage.js
npm notice 672B examples/jsm/renderers/common/RenderContext.js
npm notice 1.3kB examples/jsm/renderers/common/RenderContexts.js
npm notice 22.0kB examples/jsm/renderers/common/Renderer.js
npm notice 3.5kB examples/jsm/renderers/common/RenderList.js
npm notice 471B examples/jsm/renderers/common/RenderLists.js
npm notice 3.4kB examples/jsm/renderers/common/RenderObject.js
npm notice 2.0kB examples/jsm/renderers/common/RenderObjects.js
npm notice 281B examples/jsm/renderers/common/RenderPipeline.js
npm notice 1.3kB examples/jsm/renderers/common/SampledTexture.js
npm notice 253B examples/jsm/renderers/common/Sampler.js
npm notice 262B examples/jsm/renderers/common/StorageBuffer.js
npm notice 314B examples/jsm/renderers/common/StorageTexture.js
npm notice 7.0kB examples/jsm/renderers/common/Textures.js
npm notice 2.0kB examples/jsm/renderers/common/Uniform.js
npm notice 207B examples/jsm/renderers/common/UniformBuffer.js
npm notice 5.4kB examples/jsm/renderers/common/UniformsGroup.js
npm notice 4.4kB examples/jsm/renderers/CSS2DRenderer.js
npm notice 7.8kB examples/jsm/renderers/CSS3DRenderer.js
npm notice 19.4kB examples/jsm/renderers/Projector.js
npm notice 12.7kB examples/jsm/renderers/SVGRenderer.js
npm notice 5.5kB examples/jsm/renderers/webgl-legacy/nodes/GLSL1NodeBuilder.js
npm notice 395B examples/jsm/renderers/webgl-legacy/nodes/SlotNode.js
npm notice 17.5kB examples/jsm/renderers/webgl-legacy/nodes/WebGLNodeBuilder.js
npm notice 1.1kB examples/jsm/renderers/webgl-legacy/nodes/WebGLNodes.js
npm notice 12.5kB examples/jsm/renderers/webgl/nodes/GLSLNodeBuilder.js
npm notice 3.8kB examples/jsm/renderers/webgl/utils/WebGLAttributeUtils.js
npm notice 628B examples/jsm/renderers/webgl/utils/WebGLCapabilities.js
npm notice 481B examples/jsm/renderers/webgl/utils/WebGLExtensions.js
npm notice 11.3kB examples/jsm/renderers/webgl/utils/WebGLState.js
npm notice 7.9kB examples/jsm/renderers/webgl/utils/WebGLTextureUtils.js
npm notice 10.0kB examples/jsm/renderers/webgl/utils/WebGLUtils.js
npm notice 21.1kB examples/jsm/renderers/webgl/WebGLBackend.js
npm notice 22.8kB examples/jsm/renderers/webgpu/nodes/WGSLNodeBuilder.js
npm notice 2.0kB examples/jsm/renderers/webgpu/nodes/WGSLNodeFunction.js
npm notice 266B examples/jsm/renderers/webgpu/nodes/WGSLNodeParser.js
npm notice 6.2kB examples/jsm/renderers/webgpu/utils/WebGPUAttributeUtils.js
npm notice 5.5kB examples/jsm/renderers/webgpu/utils/WebGPUBindingUtils.js
npm notice 7.6kB examples/jsm/renderers/webgpu/utils/WebGPUConstants.js
npm notice 13.4kB examples/jsm/renderers/webgpu/utils/WebGPUPipelineUtils.js
npm notice 6.6kB examples/jsm/renderers/webgpu/utils/WebGPUTexturePassUtils.js
npm notice 27.6kB examples/jsm/renderers/webgpu/utils/WebGPUTextureUtils.js
npm notice 1.7kB examples/jsm/renderers/webgpu/utils/WebGPUUtils.js
npm notice 27.4kB examples/jsm/renderers/webgpu/WebGPUBackend.js
npm notice 914B examples/jsm/renderers/webgpu/WebGPURenderer.js
npm notice 1.9kB examples/jsm/shaders/ACESFilmicToneMappingShader.js
npm notice 903B examples/jsm/shaders/AfterimageShader.js
npm notice 351B examples/jsm/shaders/BasicShader.js
npm notice 1.2kB examples/jsm/shaders/BleachBypassShader.js
npm notice 754B examples/jsm/shaders/BlendShader.js
npm notice 5.8kB examples/jsm/shaders/BokehShader.js
npm notice 9.7kB examples/jsm/shaders/BokehShader2.js
npm notice 1.1kB examples/jsm/shaders/BrightnessContrastShader.js
npm notice 822B examples/jsm/shaders/ColorCorrectionShader.js
npm notice 704B examples/jsm/shaders/ColorifyShader.js
npm notice 1.8kB examples/jsm/shaders/ConvolutionShader.js
npm notice 571B examples/jsm/shaders/CopyShader.js
npm notice 3.7kB examples/jsm/shaders/DepthLimitedBlurShader.js
npm notice 2.6kB examples/jsm/shaders/DigitalGlitch.js
npm notice 918B examples/jsm/shaders/DOFMipMapShader.js
npm notice 1.2kB examples/jsm/shaders/DotScreenShader.js
npm notice 567B examples/jsm/shaders/ExposureShader.js
npm notice 923B examples/jsm/shaders/FilmShader.js
npm notice 2.3kB examples/jsm/shaders/FocusShader.js
npm notice 3.0kB examples/jsm/shaders/FreiChenShader.js
npm notice 8.5kB examples/jsm/shaders/FXAAShader.js
npm notice 595B examples/jsm/shaders/GammaCorrectionShader.js
npm notice 6.8kB examples/jsm/shaders/GodRaysShader.js
npm notice 13.0kB examples/jsm/shaders/GTAOShader.js
npm notice 8.6kB examples/jsm/shaders/HalftoneShader.js
npm notice 1.5kB examples/jsm/shaders/HorizontalBlurShader.js
npm notice 1.6kB examples/jsm/shaders/HorizontalTiltShiftShader.js
npm notice 1.5kB examples/jsm/shaders/HueSaturationShader.js
npm notice 1.0kB examples/jsm/shaders/KaleidoShader.js
npm notice 1.2kB examples/jsm/shaders/LuminosityHighPassShader.js
npm notice 624B examples/jsm/shaders/LuminosityShader.js
npm notice 914B examples/jsm/shaders/MirrorShader.js
npm notice 3.5kB examples/jsm/shaders/MMDToonShader.js
npm notice 995B examples/jsm/shaders/NormalMapShader.js
npm notice 1.4kB examples/jsm/shaders/OutputShader.js
npm notice 6.6kB examples/jsm/shaders/PoissonDenoiseShader.js
npm notice 1.1kB examples/jsm/shaders/RGBShiftShader.js
npm notice 4.9kB examples/jsm/shaders/SAOShader.js
npm notice 936B examples/jsm/shaders/SepiaShader.js
npm notice 14.6kB examples/jsm/shaders/SMAAShader.js
npm notice 2.4kB examples/jsm/shaders/SobelOperatorShader.js
npm notice 6.5kB examples/jsm/shaders/SSAOShader.js
npm notice 9.4kB examples/jsm/shaders/SSRShader.js
npm notice 3.2kB examples/jsm/shaders/SubsurfaceScatteringShader.js
npm notice 864B examples/jsm/shaders/TechnicolorShader.js
npm notice 6.8kB examples/jsm/shaders/ToonShader.js
npm notice 1.3kB examples/jsm/shaders/TriangleBlurShader.js
npm notice 709B examples/jsm/shaders/UnpackDepthRGBAShader.js
npm notice 3.0kB examples/jsm/shaders/VelocityShader.js
npm notice 1.4kB examples/jsm/shaders/VerticalBlurShader.js
npm notice 1.6kB examples/jsm/shaders/VerticalTiltShiftShader.js
npm notice 893B examples/jsm/shaders/VignetteShader.js
npm notice 9.7kB examples/jsm/shaders/VolumeShader.js
npm notice 1.8kB examples/jsm/shaders/WaterRefractionShader.js
npm notice 876B examples/jsm/textures/FlakesTexture.js
npm notice 3.1kB examples/jsm/transpiler/AST.js
npm notice 17.1kB examples/jsm/transpiler/GLSLDecoder.js
npm notice 1.0kB examples/jsm/transpiler/ShaderToyDecoder.js
npm notice 228B examples/jsm/transpiler/Transpiler.js
npm notice 13.8kB examples/jsm/transpiler/TSLEncoder.js
npm notice 31.9kB examples/jsm/utils/BufferGeometryUtils.js
npm notice 2.9kB examples/jsm/utils/CameraUtils.js
npm notice 14.7kB examples/jsm/utils/GeometryCompressionUtils.js
npm notice 5.1kB examples/jsm/utils/GeometryUtils.js
npm notice 2.5kB examples/jsm/utils/GPUStatsPanel.js
npm notice 5.8kB examples/jsm/utils/LDrawUtils.js
npm notice 4.0kB examples/jsm/utils/PackedPhongMaterial.js
npm notice 5.5kB examples/jsm/utils/SceneUtils.js
npm notice 5.6kB examples/jsm/utils/ShadowMapViewer.js
npm notice 8.0kB examples/jsm/utils/SkeletonUtils.js
npm notice 3.0kB examples/jsm/utils/SortUtils.js
npm notice 2.4kB examples/jsm/utils/TextureUtils.js
npm notice 3.1kB examples/jsm/utils/UVsDebug.js
npm notice 1.7kB examples/jsm/utils/WorkerPool.js
npm notice 4.7kB examples/jsm/webxr/ARButton.js
npm notice 1.8kB examples/jsm/webxr/OculusHandModel.js
npm notice 10.1kB examples/jsm/webxr/OculusHandPointerModel.js
npm notice 1.0kB examples/jsm/webxr/Text2D.js
npm notice 4.6kB examples/jsm/webxr/VRButton.js
npm notice 4.0kB examples/jsm/webxr/XRButton.js
npm notice 7.0kB examples/jsm/webxr/XRControllerModelFactory.js
npm notice 5.3kB examples/jsm/webxr/XREstimatedLight.js
npm notice 2.4kB examples/jsm/webxr/XRHandMeshModel.js
npm notice 1.8kB examples/jsm/webxr/XRHandModelFactory.js
npm notice 2.3kB examples/jsm/webxr/XRHandPrimitiveModel.js
npm notice 1.9kB examples/jsm/webxr/XRPlanes.js
npm notice 4.0kB package.json
npm notice 12.6kB src/animation/AnimationAction.js
npm notice 9.5kB src/animation/AnimationClip.js
npm notice 16.5kB src/animation/AnimationMixer.js
npm notice 9.2kB src/animation/AnimationObjectGroup.js
npm notice 7.8kB src/animation/AnimationUtils.js
npm notice 9.1kB src/animation/KeyframeTrack.js
npm notice 16.4kB src/animation/PropertyBinding.js
npm notice 6.8kB src/animation/PropertyMixer.js
npm notice 757B src/animation/tracks/BooleanKeyframeTrack.js
npm notice 445B src/animation/tracks/ColorKeyframeTrack.js
npm notice 311B src/animation/tracks/NumberKeyframeTrack.js
npm notice 755B src/animation/tracks/QuaternionKeyframeTrack.js
npm notice 575B src/animation/tracks/StringKeyframeTrack.js
npm notice 312B src/animation/tracks/VectorKeyframeTrack.js
npm notice 6.1kB src/audio/Audio.js
npm notice 591B src/audio/AudioAnalyser.js
npm notice 284B src/audio/AudioContext.js
npm notice 2.9kB src/audio/AudioListener.js
npm notice 2.7kB src/audio/PositionalAudio.js
npm notice 236B src/cameras/ArrayCamera.js
npm notice 1.3kB src/cameras/Camera.js
npm notice 4.4kB src/cameras/CubeCamera.js
npm notice 2.8kB src/cameras/OrthographicCamera.js
npm notice 5.3kB src/cameras/PerspectiveCamera.js
npm notice 2.7kB src/cameras/StereoCamera.js
npm notice 8.1kB src/constants.js
npm notice 10.8kB src/core/BufferAttribute.js
npm notice 20.8kB src/core/BufferGeometry.js
npm notice 890B src/core/Clock.js
npm notice 1.5kB src/core/EventDispatcher.js
npm notice 725B src/core/GLBufferAttribute.js
npm notice 631B src/core/InstancedBufferAttribute.js
npm notice 562B src/core/InstancedBufferGeometry.js
npm notice 747B src/core/InstancedInterleavedBuffer.js
npm notice 2.8kB src/core/InterleavedBuffer.js
npm notice 5.9kB src/core/InterleavedBufferAttribute.js
npm notice 577B src/core/Layers.js
npm notice 19.2kB src/core/Object3D.js
npm notice 2.2kB src/core/Raycaster.js
npm notice 3.2kB src/core/RenderTarget.js
npm notice 199B src/core/Uniform.js
npm notice 1.3kB src/core/UniformsGroup.js
npm notice 8.0kB src/extras/core/Curve.js
npm notice 4.7kB src/extras/core/CurvePath.js
npm notice 1.2kB src/extras/core/Interpolations.js
npm notice 3.6kB src/extras/core/Path.js
npm notice 1.4kB src/extras/core/Shape.js
npm notice 5.8kB src/extras/core/ShapePath.js
npm notice 317B src/extras/curves/ArcCurve.js
npm notice 5.5kB src/extras/curves/CatmullRomCurve3.js
npm notice 1.3kB src/extras/curves/CubicBezierCurve.js
npm notice 1.4kB src/extras/curves/CubicBezierCurve3.js
npm notice 540B src/extras/curves/Curves.js
npm notice 2.8kB src/extras/curves/EllipseCurve.js
npm notice 1.3kB src/extras/curves/LineCurve.js
npm notice 1.3kB src/extras/curves/LineCurve3.js
npm notice 1.2kB src/extras/curves/QuadraticBezierCurve.js
npm notice 1.2kB src/extras/curves/QuadraticBezierCurve3.js
npm notice 1.7kB src/extras/curves/SplineCurve.js
npm notice 3.5kB src/extras/DataUtils.js
npm notice 17.7kB src/extras/Earcut.js
npm notice 2.5kB src/extras/ImageUtils.js
npm notice 22.2kB src/extras/PMREMGenerator.js
npm notice 1.5kB src/extras/ShapeUtils.js
npm notice 4.3kB src/geometries/BoxGeometry.js
npm notice 760B src/geometries/CapsuleGeometry.js
npm notice 2.0kB src/geometries/CircleGeometry.js
npm notice 810B src/geometries/ConeGeometry.js
npm notice 5.9kB src/geometries/CylinderGeometry.js
npm notice 1.4kB src/geometries/DodecahedronGeometry.js
npm notice 4.1kB src/geometries/EdgesGeometry.js
npm notice 18.3kB src/geometries/ExtrudeGeometry.js
npm notice 797B src/geometries/Geometries.js
npm notice 896B src/geometries/IcosahedronGeometry.js
npm notice 3.9kB src/geometries/LatheGeometry.js
npm notice 641B src/geometries/OctahedronGeometry.js
npm notice 2.0kB src/geometries/PlaneGeometry.js
npm notice 6.4kB src/geometries/PolyhedronGeometry.js
npm notice 2.8kB src/geometries/RingGeometry.js
npm notice 3.7kB src/geometries/ShapeGeometry.js
npm notice 3.1kB src/geometries/SphereGeometry.js
npm notice 590B src/geometries/TetrahedronGeometry.js
npm notice 2.6kB src/geometries/TorusGeometry.js
npm notice 4.3kB src/geometries/TorusKnotGeometry.js
npm notice 4.4kB src/geometries/TubeGeometry.js
npm notice 3.0kB src/geometries/WireframeGeometry.js
npm notice 2.7kB src/helpers/ArrowHelper.js
npm notice 1.5kB src/helpers/AxesHelper.js
npm notice 1.3kB src/helpers/Box3Helper.js
npm notice 2.5kB src/helpers/BoxHelper.js
npm notice 8.4kB src/helpers/CameraHelper.js
npm notice 2.2kB src/helpers/DirectionalLightHelper.js
npm notice 1.5kB src/helpers/GridHelper.js
npm notice 2.0kB src/helpers/HemisphereLightHelper.js
npm notice 1.7kB src/helpers/PlaneHelper.js
npm notice 1.7kB src/helpers/PointLightHelper.js
npm notice 2.1kB src/helpers/PolarGridHelper.js
npm notice 2.9kB src/helpers/SkeletonHelper.js
npm notice 2.0kB src/helpers/SpotLightHelper.js
npm notice 233B src/lights/AmbientLight.js
npm notice 703B src/lights/DirectionalLight.js
npm notice 337B src/lights/DirectionalLightShadow.js
npm notice 605B src/lights/HemisphereLight.js
npm notice 1.2kB src/lights/Light.js
npm notice 679B src/lights/LightProbe.js
npm notice 2.6kB src/lights/LightShadow.js
npm notice 1.0kB src/lights/PointLight.js
npm notice 2.6kB src/lights/PointLightShadow.js
npm notice 926B src/lights/RectAreaLight.js
npm notice 1.4kB src/lights/SpotLight.js
npm notice 925B src/lights/SpotLightShadow.js
npm notice 1.0kB src/loaders/AnimationLoader.js
npm notice 1.2kB src/loaders/AudioLoader.js
npm notice 5.4kB src/loaders/BufferGeometryLoader.js
npm notice 503B src/loaders/Cache.js
npm notice 2.7kB src/loaders/CompressedTextureLoader.js
npm notice 959B src/loaders/CubeTextureLoader.js
npm notice 2.8kB src/loaders/DataTextureLoader.js
npm notice 5.6kB src/loaders/FileLoader.js
npm notice 2.2kB src/loaders/ImageBitmapLoader.js
npm notice 1.5kB src/loaders/ImageLoader.js
npm notice 1.1kB src/loaders/Loader.js
npm notice 1.3kB src/loaders/LoaderUtils.js
npm notice 2.0kB src/loaders/LoadingManager.js
npm notice 14.7kB src/loaders/MaterialLoader.js
npm notice 26.6kB src/loaders/ObjectLoader.js
npm notice 679B src/loaders/TextureLoader.js
npm notice 727B src/materials/LineBasicMaterial.js
npm notice 524B src/materials/LineDashedMaterial.js
npm notice 16.0kB src/materials/Material.js
npm notice 1.4kB src/materials/Materials.js
npm notice 1.6kB src/materials/MeshBasicMaterial.js
npm notice 977B src/materials/MeshDepthMaterial.js
npm notice 699B src/materials/MeshDistanceMaterial.js
npm notice 2.6kB src/materials/MeshLambertMaterial.js
npm notice 1.5kB src/materials/MeshMatcapMaterial.js
npm notice 1.3kB src/materials/MeshNormalMaterial.js
npm notice 2.7kB src/materials/MeshPhongMaterial.js
npm notice 4.3kB src/materials/MeshPhysicalMaterial.js
npm notice 2.7kB src/materials/MeshStandardMaterial.js
npm notice 2.2kB src/materials/MeshToonMaterial.js
npm notice 719B src/materials/PointsMaterial.js
npm notice 268B src/materials/RawShaderMaterial.js
npm notice 4.1kB src/materials/ShaderMaterial.js
npm notice 513B src/materials/ShadowMaterial.js
npm notice 761B src/materials/SpriteMaterial.js
npm notice 3.2kB src/math/Box2.js
npm notice 11.5kB src/math/Box3.js
npm notice 13.7kB src/math/Color.js
npm notice 3.8kB src/math/ColorManagement.js
npm notice 953B src/math/Cylindrical.js
npm notice 4.8kB src/math/Euler.js
npm notice 3.9kB src/math/Frustum.js
npm notice 4.3kB src/math/Interpolant.js
npm notice 3.0kB src/math/interpolants/CubicInterpolant.js
npm notice 482B src/math/interpolants/DiscreteInterpolant.js
npm notice 704B src/math/interpolants/LinearInterpolant.js
npm notice 789B src/math/interpolants/QuaternionLinearInterpolant.js
npm notice 1.8kB src/math/Line3.js
npm notice 8.5kB src/math/MathUtils.js
npm notice 6.1kB src/math/Matrix3.js
npm notice 19.7kB src/math/Matrix4.js
npm notice 3.6kB src/math/Plane.js
npm notice 12.6kB src/math/Quaternion.js
npm notice 10.0kB src/math/Ray.js
npm notice 3.7kB src/math/Sphere.js
npm notice 1.4kB src/math/Spherical.js
npm notice 4.5kB src/math/SphericalHarmonics3.js
npm notice 7.2kB src/math/Triangle.js
npm notice 5.7kB src/math/Vector2.js
npm notice 10.9kB src/math/Vector3.js
npm notice 10.1kB src/math/Vector4.js
npm notice 24.3kB src/objects/BatchedMesh.js
npm notice 180B src/objects/Bone.js
npm notice 184B src/objects/Group.js
npm notice 4.3kB src/objects/InstancedMesh.js
npm notice 5.7kB src/objects/Line.js
npm notice 218B src/objects/LineLoop.js
npm notice 1.2kB src/objects/LineSegments.js
npm notice 3.2kB src/objects/LOD.js
npm notice 10.6kB src/objects/Mesh.js
npm notice 4.0kB src/objects/Points.js
npm notice 5.2kB src/objects/Skeleton.js
npm notice 5.6kB src/objects/SkinnedMesh.js
npm notice 4.8kB src/objects/Sprite.js
npm notice 15.5kB src/renderers/shaders/ShaderChunk.js
npm notice 129B src/renderers/shaders/ShaderChunk/alphahash_fragment.glsl.js
npm notice 1.8kB src/renderers/shaders/ShaderChunk/alphahash_pars_fragment.glsl.js
npm notice 116B src/renderers/shaders/ShaderChunk/alphamap_fragment.glsl.js
npm notice 88B src/renderers/shaders/ShaderChunk/alphamap_pars_fragment.glsl.js
npm notice 104B src/renderers/shaders/ShaderChunk/alphatest_fragment.glsl.js
npm notice 84B src/renderers/shaders/ShaderChunk/alphatest_pars_fragment.glsl.js
npm notice 700B src/renderers/shaders/ShaderChunk/aomap_fragment.glsl.js
npm notice 113B src/renderers/shaders/ShaderChunk/aomap_pars_fragment.glsl.js
npm notice 579B src/renderers/shaders/ShaderChunk/batching_pars_vertex.glsl.js
npm notice 110B src/renderers/shaders/ShaderChunk/batching_vertex.glsl.js
npm notice 129B src/renderers/shaders/ShaderChunk/begin_vertex.glsl.js
npm notice 138B src/renderers/shaders/ShaderChunk/beginnormal_vertex.glsl.js
npm notice 845B src/renderers/shaders/ShaderChunk/bsdfs.glsl.js
npm notice 1.3kB src/renderers/shaders/ShaderChunk/bumpmap_pars_fragment.glsl.js
npm notice 104B src/renderers/shaders/ShaderChunk/clearcoat_normal_fragment_begin.glsl.js
npm notice 262B src/renderers/shaders/ShaderChunk/clearcoat_normal_fragment_maps.glsl.js
npm notice 299B src/renderers/shaders/ShaderChunk/clearcoat_pars_fragment.glsl.js
npm notice 630B src/renderers/shaders/ShaderChunk/clipping_planes_fragment.glsl.js
npm notice 150B src/renderers/shaders/ShaderChunk/clipping_planes_pars_fragment.glsl.js
npm notice 96B src/renderers/shaders/ShaderChunk/clipping_planes_pars_vertex.glsl.js
npm notice 102B src/renderers/shaders/ShaderChunk/clipping_planes_vertex.glsl.js
npm notice 153B src/renderers/shaders/ShaderChunk/color_fragment.glsl.js
npm notice 143B src/renderers/shaders/ShaderChunk/color_pars_fragment.glsl.js
npm notice 178B src/renderers/shaders/ShaderChunk/color_pars_vertex.glsl.js
npm notice 297B src/renderers/shaders/ShaderChunk/color_vertex.glsl.js
npm notice 82B src/renderers/shaders/ShaderChunk/colorspace_fragment.glsl.js
npm notice 1.2kB src/renderers/shaders/ShaderChunk/colorspace_pars_fragment.glsl.js
npm notice 3.8kB src/renderers/shaders/ShaderChunk/common.glsl.js
npm notice 3.9kB src/renderers/shaders/ShaderChunk/cube_uv_reflection_fragment.glsl.js
npm notice 90B src/renderers/shaders/ShaderChunk/default_fragment.glsl.js
npm notice 121B src/renderers/shaders/ShaderChunk/default_vertex.glsl.js
npm notice 1.3kB src/renderers/shaders/ShaderChunk/defaultnormal_vertex.glsl.js
npm notice 169B src/renderers/shaders/ShaderChunk/displacementmap_pars_vertex.glsl.js
npm notice 205B src/renderers/shaders/ShaderChunk/displacementmap_vertex.glsl.js
npm notice 107B src/renderers/shaders/ShaderChunk/dithering_fragment.glsl.js
npm notice 608B src/renderers/shaders/ShaderChunk/dithering_pars_fragment.glsl.js
npm notice 172B src/renderers/shaders/ShaderChunk/emissivemap_fragment.glsl.js
npm notice 94B src/renderers/shaders/ShaderChunk/emissivemap_pars_fragment.glsl.js
npm notice 216B src/renderers/shaders/ShaderChunk/envmap_common_pars_fragment.glsl.js
npm notice 1.2kB src/renderers/shaders/ShaderChunk/envmap_fragment.glsl.js
npm notice 345B src/renderers/shaders/ShaderChunk/envmap_pars_fragment.glsl.js
npm notice 320B src/renderers/shaders/ShaderChunk/envmap_pars_vertex.glsl.js
npm notice 1.7kB src/renderers/shaders/ShaderChunk/envmap_physical_pars_fragment.glsl.js
npm notice 647B src/renderers/shaders/ShaderChunk/envmap_vertex.glsl.js
npm notice 303B src/renderers/shaders/ShaderChunk/fog_fragment.glsl.js
npm notice 218B src/renderers/shaders/ShaderChunk/fog_pars_fragment.glsl.js
npm notice 80B src/renderers/shaders/ShaderChunk/fog_pars_vertex.glsl.js
npm notice 83B src/renderers/shaders/ShaderChunk/fog_vertex.glsl.js
npm notice 512B src/renderers/shaders/ShaderChunk/gradientmap_pars_fragment.glsl.js
npm notice 3.6kB src/renderers/shaders/ShaderChunk/iridescence_fragment.glsl.js
npm notice 191B src/renderers/shaders/ShaderChunk/iridescence_pars_fragment.glsl.js
npm notice 239B src/renderers/shaders/ShaderChunk/lightmap_fragment.glsl.js
npm notice 122B src/renderers/shaders/ShaderChunk/lightmap_pars_fragment.glsl.js
npm notice 6.1kB src/renderers/shaders/ShaderChunk/lights_fragment_begin.glsl.js
npm notice 425B src/renderers/shaders/ShaderChunk/lights_fragment_end.glsl.js
npm notice 897B src/renderers/shaders/ShaderChunk/lights_fragment_maps.glsl.js
npm notice 144B src/renderers/shaders/ShaderChunk/lights_lambert_fragment.glsl.js
npm notice 1.1kB src/renderers/shaders/ShaderChunk/lights_lambert_pars_fragment.glsl.js
npm notice 5.5kB src/renderers/shaders/ShaderChunk/lights_pars_begin.glsl.js
npm notice 222B src/renderers/shaders/ShaderChunk/lights_phong_fragment.glsl.js
npm notice 1.3kB src/renderers/shaders/ShaderChunk/lights_phong_pars_fragment.glsl.js
npm notice 4.1kB src/renderers/shaders/ShaderChunk/lights_physical_fragment.glsl.js
npm notice 18.4kB src/renderers/shaders/ShaderChunk/lights_physical_pars_fragment.glsl.js
npm notice 95B src/renderers/shaders/ShaderChunk/lights_toon_fragment.glsl.js
npm notice 1.0kB src/renderers/shaders/ShaderChunk/lights_toon_pars_fragment.glsl.js
npm notice 315B src/renderers/shaders/ShaderChunk/logdepthbuf_fragment.glsl.js
npm notice 192B src/renderers/shaders/ShaderChunk/logdepthbuf_pars_fragment.glsl.js
npm notice 200B src/renderers/shaders/ShaderChunk/logdepthbuf_pars_vertex.glsl.js
npm notice 393B src/renderers/shaders/ShaderChunk/logdepthbuf_vertex.glsl.js
npm notice 534B src/renderers/shaders/ShaderChunk/map_fragment.glsl.js
npm notice 78B src/renderers/shaders/ShaderChunk/map_pars_fragment.glsl.js
npm notice 381B src/renderers/shaders/ShaderChunk/map_particle_fragment.glsl.js
npm notice 292B src/renderers/shaders/ShaderChunk/map_particle_pars_fragment.glsl.js
npm notice 294B src/renderers/shaders/ShaderChunk/metalnessmap_fragment.glsl.js
npm notice 96B src/renderers/shaders/ShaderChunk/metalnessmap_pars_fragment.glsl.js
npm notice 861B src/renderers/shaders/ShaderChunk/morphcolor_vertex.glsl.js
npm notice 936B src/renderers/shaders/ShaderChunk/morphnormal_vertex.glsl.js
npm notice 832B src/renderers/shaders/ShaderChunk/morphtarget_pars_vertex.glsl.js
npm notice 1.2kB src/renderers/shaders/ShaderChunk/morphtarget_vertex.glsl.js
npm notice 1.3kB src/renderers/shaders/ShaderChunk/normal_fragment_begin.glsl.js
npm notice 642B src/renderers/shaders/ShaderChunk/normal_fragment_maps.glsl.js
npm notice 165B src/renderers/shaders/ShaderChunk/normal_pars_fragment.glsl.js
npm notice 165B src/renderers/shaders/ShaderChunk/normal_pars_vertex.glsl.js
npm notice 303B src/renderers/shaders/ShaderChunk/normal_vertex.glsl.js
npm notice 971B src/renderers/shaders/ShaderChunk/normalmap_pars_fragment.glsl.js
npm notice 206B src/renderers/shaders/ShaderChunk/opaque_fragment.glsl.js
npm notice 2.2kB src/renderers/shaders/ShaderChunk/packing.glsl.js
npm notice 223B src/renderers/shaders/ShaderChunk/premultiplied_alpha_fragment.glsl.js
npm notice 312B src/renderers/shaders/ShaderChunk/project_vertex.glsl.js
npm notice 294B src/renderers/shaders/ShaderChunk/roughnessmap_fragment.glsl.js
npm notice 96B src/renderers/shaders/ShaderChunk/roughnessmap_pars_fragment.glsl.js
npm notice 10.0kB src/renderers/shaders/ShaderChunk/shadowmap_pars_fragment.glsl.js
npm notice 1.4kB src/renderers/shaders/ShaderChunk/shadowmap_pars_vertex.glsl.js
npm notice 1.8kB src/renderers/shaders/ShaderChunk/shadowmap_vertex.glsl.js
npm notice 1.5kB src/renderers/shaders/ShaderChunk/shadowmask_pars_fragment.glsl.js
npm notice 247B src/renderers/shaders/ShaderChunk/skinbase_vertex.glsl.js
npm notice 589B src/renderers/shaders/ShaderChunk/skinning_pars_vertex.glsl.js
npm notice 400B src/renderers/shaders/ShaderChunk/skinning_vertex.glsl.js
npm notice 481B src/renderers/shaders/ShaderChunk/skinnormal_vertex.glsl.js
npm notice 221B src/renderers/shaders/ShaderChunk/specularmap_fragment.glsl.js
npm notice 94B src/renderers/shaders/ShaderChunk/specularmap_pars_fragment.glsl.js
npm notice 120B src/renderers/shaders/ShaderChunk/tonemapping_fragment.glsl.js
npm notice 4.4kB src/renderers/shaders/ShaderChunk/tonemapping_pars_fragment.glsl.js
npm notice 1.1kB src/renderers/shaders/ShaderChunk/transmission_fragment.glsl.js
npm notice 6.2kB src/renderers/shaders/ShaderChunk/transmission_pars_fragment.glsl.js
npm notice 1.6kB src/renderers/shaders/ShaderChunk/uv_pars_fragment.glsl.js
npm notice 2.5kB src/renderers/shaders/ShaderChunk/uv_pars_vertex.glsl.js
npm notice 2.8kB src/renderers/shaders/ShaderChunk/uv_vertex.glsl.js
npm notice 439B src/renderers/shaders/ShaderChunk/worldpos_vertex.glsl.js
npm notice 8.3kB src/renderers/shaders/ShaderLib.js
npm notice 829B src/renderers/shaders/ShaderLib/background.glsl.js
npm notice 1.1kB src/renderers/shaders/ShaderLib/backgroundCube.glsl.js
npm notice 654B src/renderers/shaders/ShaderLib/cube.glsl.js
npm notice 2.2kB src/renderers/shaders/ShaderLib/depth.glsl.js
npm notice 1.6kB src/renderers/shaders/ShaderLib/distanceRGBA.glsl.js
npm notice 568B src/renderers/shaders/ShaderLib/equirect.glsl.js
npm notice 1.5kB src/renderers/shaders/ShaderLib/linedashed.glsl.js
npm notice 2.7kB src/renderers/shaders/ShaderLib/meshbasic.glsl.js
npm notice 3.2kB src/renderers/shaders/ShaderLib/meshlambert.glsl.js
npm notice 2.7kB src/renderers/shaders/ShaderLib/meshmatcap.glsl.js
npm notice 1.8kB src/renderers/shaders/ShaderLib/meshnormal.glsl.js
npm notice 3.3kB src/renderers/shaders/ShaderLib/meshphong.glsl.js
npm notice 5.5kB src/renderers/shaders/ShaderLib/meshphysical.glsl.js
npm notice 3.0kB src/renderers/shaders/ShaderLib/meshtoon.glsl.js
npm notice 1.7kB src/renderers/shaders/ShaderLib/points.glsl.js
npm notice 1.2kB src/renderers/shaders/ShaderLib/shadow.glsl.js
npm notice 2.0kB src/renderers/shaders/ShaderLib/sprite.glsl.js
npm notice 1.2kB src/renderers/shaders/ShaderLib/vsm.glsl.js
npm notice 4.5kB src/renderers/shaders/UniformsLib.js
npm notice 1.7kB src/renderers/shaders/UniformsUtils.js
npm notice 767B src/renderers/webgl/WebGLAnimation.js
npm notice 4.4kB src/renderers/webgl/WebGLAttributes.js
npm notice 6.4kB src/renderers/webgl/WebGLBackground.js
npm notice 13.6kB src/renderers/webgl/WebGLBindingStates.js
npm notice 1.6kB src/renderers/webgl/WebGLBufferRenderer.js
npm notice 3.2kB src/renderers/webgl/WebGLCapabilities.js
npm notice 3.4kB src/renderers/webgl/WebGLClipping.js
npm notice 1.9kB src/renderers/webgl/WebGLCubeMaps.js
npm notice 2.8kB src/renderers/webgl/WebGLCubeUVMaps.js
npm notice 2.3kB src/renderers/webgl/WebGLExtensions.js
npm notice 3.9kB src/renderers/webgl/WebGLGeometries.js
npm notice 1.9kB src/renderers/webgl/WebGLIndexedBufferRenderer.js
npm notice 1.0kB src/renderers/webgl/WebGLInfo.js
npm notice 13.8kB src/renderers/webgl/WebGLLights.js
npm notice 13.4kB src/renderers/webgl/WebGLMaterials.js
npm notice 7.8kB src/renderers/webgl/WebGLMorphtargets.js
npm notice 1.6kB src/renderers/webgl/WebGLObjects.js
npm notice 32.0kB src/renderers/webgl/WebGLProgram.js
npm notice 21.0kB src/renderers/webgl/WebGLPrograms.js
npm notice 560B src/renderers/webgl/WebGLProperties.js
npm notice 4.1kB src/renderers/webgl/WebGLRenderLists.js
npm notice 1.7kB src/renderers/webgl/WebGLRenderStates.js
npm notice 196B src/renderers/webgl/WebGLShader.js
npm notice 2.0kB src/renderers/webgl/WebGLShaderCache.js
npm notice 11.6kB src/renderers/webgl/WebGLShadowMap.js
npm notice 26.2kB src/renderers/webgl/WebGLState.js
npm notice 60.6kB src/renderers/webgl/WebGLTextures.js
npm notice 20.7kB src/renderers/webgl/WebGLUniforms.js
npm notice 8.4kB src/renderers/webgl/WebGLUniformsGroups.js
npm notice 10.3kB src/renderers/webgl/WebGLUtils.js
npm notice 178B src/renderers/WebGL1Renderer.js
npm notice 493B src/renderers/WebGL3DRenderTarget.js
npm notice 511B src/renderers/WebGLArrayRenderTarget.js
npm notice 4.4kB src/renderers/WebGLCubeRenderTarget.js
npm notice 1.7kB src/renderers/WebGLMultipleRenderTargets.js
npm notice 69.0kB src/renderers/WebGLRenderer.js
npm notice 269B src/renderers/WebGLRenderTarget.js
npm notice 6.5kB src/renderers/webxr/WebXRController.js
npm notice 18.8kB src/renderers/webxr/WebXRManager.js
npm notice 462B src/scenes/Fog.js
npm notice 447B src/scenes/FogExp2.js
npm notice 1.4kB src/scenes/Scene.js
npm notice 361B src/textures/CanvasTexture.js
npm notice 434B src/textures/CompressedArrayTexture.js
npm notice 448B src/textures/CompressedCubeTexture.js
npm notice 703B src/textures/CompressedTexture.js
npm notice 642B src/textures/CubeTexture.js
npm notice 793B src/textures/Data3DTexture.js
npm notice 544B src/textures/DataArrayTexture.js
npm notice 603B src/textures/DataTexture.js
npm notice 1.4kB src/textures/DepthTexture.js
npm notice 403B src/textures/FramebufferTexture.js
npm notice 1.9kB src/textures/Source.js
npm notice 6.8kB src/textures/Texture.js
npm notice 1.1kB src/textures/VideoTexture.js
npm notice 9.7kB src/Three.js
npm notice 1B src/Three.Legacy.js
npm notice 1.6kB src/utils.js
npm notice Tarball Details
npm notice name: three
npm notice version: 0.160.0
npm notice filename: three-0.160.0.tgz
npm notice package size: 9.4 MB
npm notice unpacked size: 31.6 MB
npm notice shasum: cd1e4dbd01aee0719280a9086d75545db52b7a8f
npm notice integrity: sha512-DLU8lc0zNIPkM[...]GCw14LB+uDhng==
npm notice total files: 954
npm notice
▶ vendoring pdfjs-dist@4.0.379 (module + worker)
npm warn Unknown env config "http-proxy". This will stop working in the next major version of npm.
npm notice
npm notice 📦  pdfjs-dist@4.0.379
npm notice Tarball Contents
npm notice 691B CODE_OF_CONDUCT.md
npm notice 10.2kB LICENSE
npm notice 666B README.md
npm notice 305.7kB build/pdf.min.mjs
npm notice 590.5kB build/pdf.mjs
npm notice 1.4MB build/pdf.mjs.map
npm notice 623.9kB build/pdf.sandbox.min.mjs
npm notice 627.6kB build/pdf.sandbox.mjs
npm notice 552.4kB build/pdf.sandbox.mjs.map
npm notice 1.0MB build/pdf.worker.min.mjs
npm notice 1.9MB build/pdf.worker.mjs
npm notice 5.0MB build/pdf.worker.mjs.map
npm notice 2.4kB cmaps/78-EUC-H.bcmap
npm notice 173B cmaps/78-EUC-V.bcmap
npm notice 2.4kB cmaps/78-H.bcmap
npm notice 2.4kB cmaps/78-RKSJ-H.bcmap
npm notice 173B cmaps/78-RKSJ-V.bcmap
npm notice 169B cmaps/78-V.bcmap
npm notice 2.7kB cmaps/78ms-RKSJ-H.bcmap
npm notice 290B cmaps/78ms-RKSJ-V.bcmap
npm notice 905B cmaps/83pv-RKSJ-H.bcmap
npm notice 721B cmaps/90ms-RKSJ-H.bcmap
npm notice 290B cmaps/90ms-RKSJ-V.bcmap
npm notice 715B cmaps/90msp-RKSJ-H.bcmap
npm notice 291B cmaps/90msp-RKSJ-V.bcmap
npm notice 982B cmaps/90pv-RKSJ-H.bcmap
npm notice 260B cmaps/90pv-RKSJ-V.bcmap
npm notice 2.4kB cmaps/Add-H.bcmap
npm notice 2.4kB cmaps/Add-RKSJ-H.bcmap
npm notice 287B cmaps/Add-RKSJ-V.bcmap
npm notice 282B cmaps/Add-V.bcmap
npm notice 317B cmaps/Adobe-CNS1-0.bcmap
npm notice 371B cmaps/Adobe-CNS1-1.bcmap
npm notice 376B cmaps/Adobe-CNS1-2.bcmap
npm notice 401B cmaps/Adobe-CNS1-3.bcmap
npm notice 405B cmaps/Adobe-CNS1-4.bcmap
npm notice 406B cmaps/Adobe-CNS1-5.bcmap
npm notice 406B cmaps/Adobe-CNS1-6.bcmap
npm notice 41.2kB cmaps/Adobe-CNS1-UCS2.bcmap
npm notice 217B cmaps/Adobe-GB1-0.bcmap
npm notice 250B cmaps/Adobe-GB1-1.bcmap
npm notice 465B cmaps/Adobe-GB1-2.bcmap
npm notice 470B cmaps/Adobe-GB1-3.bcmap
npm notice 601B cmaps/Adobe-GB1-4.bcmap
npm notice 625B cmaps/Adobe-GB1-5.bcmap
npm notice 34.0kB cmaps/Adobe-GB1-UCS2.bcmap
npm notice 225B cmaps/Adobe-Japan1-0.bcmap
npm notice 226B cmaps/Adobe-Japan1-1.bcmap
npm notice 233B cmaps/Adobe-Japan1-2.bcmap
npm notice 242B cmaps/Adobe-Japan1-3.bcmap
npm notice 337B cmaps/Adobe-Japan1-4.bcmap
npm notice 430B cmaps/Adobe-Japan1-5.bcmap
npm notice 485B cmaps/Adobe-Japan1-6.bcmap
npm notice 41.0kB cmaps/Adobe-Japan1-UCS2.bcmap
npm notice 241B cmaps/Adobe-Korea1-0.bcmap
npm notice 386B cmaps/Adobe-Korea1-1.bcmap
npm notice 391B cmaps/Adobe-Korea1-2.bcmap
npm notice 23.3kB cmaps/Adobe-Korea1-UCS2.bcmap
npm notice 1.1kB cmaps/B5-H.bcmap
npm notice 142B cmaps/B5-V.bcmap
npm notice 1.1kB cmaps/B5pc-H.bcmap
npm notice 144B cmaps/B5pc-V.bcmap
npm notice 1.8kB cmaps/CNS-EUC-H.bcmap
npm notice 1.9kB cmaps/CNS-EUC-V.bcmap
npm notice 706B cmaps/CNS1-H.bcmap
npm notice 143B cmaps/CNS1-V.bcmap
npm notice 504B cmaps/CNS2-H.bcmap
npm notice 93B cmaps/CNS2-V.bcmap
npm notice 1.1kB cmaps/ETen-B5-H.bcmap
npm notice 158B cmaps/ETen-B5-V.bcmap
npm notice 101B cmaps/ETenms-B5-H.bcmap
npm notice 172B cmaps/ETenms-B5-V.bcmap
npm notice 4.4kB cmaps/ETHK-B5-H.bcmap
npm notice 158B cmaps/ETHK-B5-V.bcmap
npm notice 578B cmaps/EUC-H.bcmap
npm notice 170B cmaps/EUC-V.bcmap
npm notice 2.5kB cmaps/Ext-H.bcmap
npm notice 2.5kB cmaps/Ext-RKSJ-H.bcmap
npm notice 218B cmaps/Ext-RKSJ-V.bcmap
npm notice 215B cmaps/Ext-V.bcmap
npm notice 549B cmaps/GB-EUC-H.bcmap
npm notice 179B cmaps/GB-EUC-V.bcmap
npm notice 528B cmaps/GB-H.bcmap
npm notice 175B cmaps/GB-V.bcmap
npm notice 14.7kB cmaps/GBK-EUC-H.bcmap
npm notice 180B cmaps/GBK-EUC-V.bcmap
npm notice 19.7kB cmaps/GBK2K-H.bcmap
npm notice 219B cmaps/GBK2K-V.bcmap
npm notice 14.7kB cmaps/GBKp-EUC-H.bcmap
npm notice 181B cmaps/GBKp-EUC-V.bcmap
npm notice 557B cmaps/GBpc-EUC-H.bcmap
npm notice 181B cmaps/GBpc-EUC-V.bcmap
npm notice 7.3kB cmaps/GBT-EUC-H.bcmap
npm notice 180B cmaps/GBT-EUC-V.bcmap
npm notice 7.3kB cmaps/GBT-H.bcmap
npm notice 176B cmaps/GBT-V.bcmap
npm notice 7.3kB cmaps/GBTpc-EUC-H.bcmap
npm notice 182B cmaps/GBTpc-EUC-V.bcmap
npm notice 553B cmaps/H.bcmap
npm notice 132B cmaps/Hankaku.bcmap
npm notice 124B cmaps/Hiragana.bcmap
npm notice 2.7kB cmaps/HKdla-B5-H.bcmap
npm notice 148B cmaps/HKdla-B5-V.bcmap
npm notice 2.4kB cmaps/HKdlb-B5-H.bcmap
npm notice 148B cmaps/HKdlb-B5-V.bcmap
npm notice 2.3kB cmaps/HKgccs-B5-H.bcmap
npm notice 149B cmaps/HKgccs-B5-V.bcmap
npm notice 1.8kB cmaps/HKm314-B5-H.bcmap
npm notice 149B cmaps/HKm314-B5-V.bcmap
npm notice 2.2kB cmaps/HKm471-B5-H.bcmap
npm notice 149B cmaps/HKm471-B5-V.bcmap
npm notice 4.4kB cmaps/HKscs-B5-H.bcmap
npm notice 159B cmaps/HKscs-B5-V.bcmap
npm notice 100B cmaps/Katakana.bcmap
npm notice 1.8kB cmaps/KSC-EUC-H.bcmap
npm notice 164B cmaps/KSC-EUC-V.bcmap
npm notice 1.8kB cmaps/KSC-H.bcmap
npm notice 16.8kB cmaps/KSC-Johab-H.bcmap
npm notice 166B cmaps/KSC-Johab-V.bcmap
npm notice 160B cmaps/KSC-V.bcmap
npm notice 2.8kB cmaps/KSCms-UHC-H.bcmap
npm notice 2.8kB cmaps/KSCms-UHC-HW-H.bcmap
npm notice 169B cmaps/KSCms-UHC-HW-V.bcmap
npm notice 166B cmaps/KSCms-UHC-V.bcmap
npm notice 2.0kB cmaps/KSCpc-EUC-H.bcmap
npm notice 166B cmaps/KSCpc-EUC-V.bcmap
npm notice 2.1kB cmaps/LICENSE
npm notice 2.8kB cmaps/NWP-H.bcmap
npm notice 252B cmaps/NWP-V.bcmap
npm notice 534B cmaps/RKSJ-H.bcmap
npm notice 170B cmaps/RKSJ-V.bcmap
npm notice 96B cmaps/Roman.bcmap
npm notice 48.3kB cmaps/UniCNS-UCS2-H.bcmap
npm notice 156B cmaps/UniCNS-UCS2-V.bcmap
npm notice 53.6kB cmaps/UniCNS-UTF8-H.bcmap
npm notice 157B cmaps/UniCNS-UTF8-V.bcmap
npm notice 50.4kB cmaps/UniCNS-UTF16-H.bcmap
npm notice 156B cmaps/UniCNS-UTF16-V.bcmap
npm notice 52.7kB cmaps/UniCNS-UTF32-H.bcmap
npm notice 160B cmaps/UniCNS-UTF32-V.bcmap
npm notice 43.4kB cmaps/UniGB-UCS2-H.bcmap
npm notice 193B cmaps/UniGB-UCS2-V.bcmap
npm notice 46.8kB cmaps/UniGB-UTF8-H.bcmap
npm notice 181B cmaps/UniGB-UTF8-V.bcmap
npm notice 44.1kB cmaps/UniGB-UTF16-H.bcmap
npm notice 178B cmaps/UniGB-UTF16-V.bcmap
npm notice 45.7kB cmaps/UniGB-UTF32-H.bcmap
npm notice 182B cmaps/UniGB-UTF32-V.bcmap
npm notice 25.4kB cmaps/UniJIS-UCS2-H.bcmap
npm notice 119B cmaps/UniJIS-UCS2-HW-H.bcmap
npm notice 680B cmaps/UniJIS-UCS2-HW-V.bcmap
npm notice 664B cmaps/UniJIS-UCS2-V.bcmap
npm notice 41.7kB cmaps/UniJIS-UTF8-H.bcmap
npm notice 678B cmaps/UniJIS-UTF8-V.bcmap
npm notice 39.4kB cmaps/UniJIS-UTF16-H.bcmap
npm notice 643B cmaps/UniJIS-UTF16-V.bcmap
npm notice 40.5kB cmaps/UniJIS-UTF32-H.bcmap
npm notice 677B cmaps/UniJIS-UTF32-V.bcmap
npm notice 41.8kB cmaps/UniJIS2004-UTF8-H.bcmap
npm notice 682B cmaps/UniJIS2004-UTF8-V.bcmap
npm notice 39.5kB cmaps/UniJIS2004-UTF16-H.bcmap
npm notice 647B cmaps/UniJIS2004-UTF16-V.bcmap
npm notice 40.6kB cmaps/UniJIS2004-UTF32-H.bcmap
npm notice 681B cmaps/UniJIS2004-UTF32-V.bcmap
npm notice 705B cmaps/UniJISPro-UCS2-HW-V.bcmap
npm notice 689B cmaps/UniJISPro-UCS2-V.bcmap
npm notice 726B cmaps/UniJISPro-UTF8-V.bcmap
npm notice 40.5kB cmaps/UniJISX0213-UTF32-H.bcmap
npm notice 684B cmaps/UniJISX0213-UTF32-V.bcmap
npm notice 40.6kB cmaps/UniJISX02132004-UTF32-H.bcmap
npm notice 688B cmaps/UniJISX02132004-UTF32-V.bcmap
npm notice 25.8kB cmaps/UniKS-UCS2-H.bcmap
npm notice 178B cmaps/UniKS-UCS2-V.bcmap
npm notice 27.8kB cmaps/UniKS-UTF8-H.bcmap
npm notice 169B cmaps/UniKS-UTF8-V.bcmap
npm notice 26.3kB cmaps/UniKS-UTF16-H.bcmap
npm notice 164B cmaps/UniKS-UTF16-V.bcmap
npm notice 26.5kB cmaps/UniKS-UTF32-H.bcmap
npm notice 168B cmaps/UniKS-UTF32-V.bcmap
npm notice 166B cmaps/V.bcmap
npm notice 179B cmaps/WP-Symbol.bcmap
npm notice 90.5kB image_decoders/pdf.image_decoders.min.mjs
npm notice 242.7kB image_decoders/pdf.image_decoders.mjs
npm notice 653.4kB image_decoders/pdf.image_decoders.mjs.map
npm notice 28B legacy/build/pdf.d.mts
npm notice 359.8kB legacy/build/pdf.min.mjs
npm notice 749.2kB legacy/build/pdf.mjs
npm notice 1.7MB legacy/build/pdf.mjs.map
npm notice 756.7kB legacy/build/pdf.sandbox.min.mjs
npm notice 824.8kB legacy/build/pdf.sandbox.mjs
npm notice 808.5kB legacy/build/pdf.sandbox.mjs.map
npm notice 1.1MB legacy/build/pdf.worker.min.mjs
npm notice 2.0MB legacy/build/pdf.worker.mjs
npm notice 5.3MB legacy/build/pdf.worker.mjs.map
npm notice 129.2kB legacy/image_decoders/pdf.image_decoders.min.mjs
npm notice 349.8kB legacy/image_decoders/pdf.image_decoders.mjs
npm notice 911.6kB legacy/image_decoders/pdf.image_decoders.mjs.map
npm notice 920B legacy/web/images/altText_add.svg
npm notice 1.1kB legacy/web/images/altText_done.svg
npm notice 415B legacy/web/images/annotation-check.svg
npm notice 883B legacy/web/images/annotation-comment.svg
npm notice 2.2kB legacy/web/images/annotation-help.svg
npm notice 408B legacy/web/images/annotation-insert.svg
npm notice 1.5kB legacy/web/images/annotation-key.svg
npm notice 426B legacy/web/images/annotation-newparagraph.svg
npm notice 158B legacy/web/images/annotation-noicon.svg
npm notice 1.0kB legacy/web/images/annotation-note.svg
npm notice 552B legacy/web/images/annotation-paperclip.svg
npm notice 1.1kB legacy/web/images/annotation-paragraph.svg
npm notice 1.4kB legacy/web/images/annotation-pushpin.svg
npm notice 909B legacy/web/images/editor-toolbar-delete.svg
npm notice 2.5kB legacy/web/images/loading-icon.gif
npm notice 681B legacy/web/images/toolbarButton-menuArrow.svg
npm notice 64.6kB legacy/web/pdf_viewer.css
npm notice 57B legacy/web/pdf_viewer.d.mts
npm notice 406.9kB legacy/web/pdf_viewer.mjs
npm notice 933.2kB legacy/web/pdf_viewer.mjs.map
npm notice 700B package.json
npm notice 29.5kB standard_fonts/FoxitDingbats.pfb
npm notice 17.6kB standard_fonts/FoxitFixed.pfb
npm notice 18.1kB standard_fonts/FoxitFixedBold.pfb
npm notice 19.2kB standard_fonts/FoxitFixedBoldItalic.pfb
npm notice 18.7kB standard_fonts/FoxitFixedItalic.pfb
npm notice 19.5kB standard_fonts/FoxitSerif.pfb
npm notice 19.4kB standard_fonts/FoxitSerifBold.pfb
npm notice 20.7kB standard_fonts/FoxitSerifBoldItalic.pfb
npm notice 21.2kB standard_fonts/FoxitSerifItalic.pfb
npm notice 16.7kB standard_fonts/FoxitSymbol.pfb
npm notice 137.1kB standard_fonts/LiberationSans-Bold.ttf
npm notice 135.1kB standard_fonts/LiberationSans-BoldItalic.ttf
npm notice 162.0kB standard_fonts/LiberationSans-Italic.ttf
npm notice 139.5kB standard_fonts/LiberationSans-Regular.ttf
npm notice 1.6kB standard_fonts/LICENSE_FOXIT
npm notice 4.4kB standard_fonts/LICENSE_LIBERATION
npm notice 7.0kB types/src/display/annotation_layer.d.ts
npm notice 2.2kB types/src/display/annotation_storage.d.ts
npm notice 56.3kB types/src/display/api.d.ts
npm notice 1.4kB types/src/display/base_factory.d.ts
npm notice 7.5kB types/src/display/canvas.d.ts
npm notice 289B types/src/display/content_disposition.d.ts
npm notice 9.8kB types/src/display/display_utils.d.ts
npm notice 1.2kB types/src/display/draw_layer.d.ts
npm notice 494B types/src/display/editor/alt_text.d.ts
npm notice 7.0kB types/src/display/editor/annotation_editor_layer.d.ts
npm notice 583B types/src/display/editor/color_picker.d.ts
npm notice 11.2kB types/src/display/editor/editor.d.ts
npm notice 2.1kB types/src/display/editor/freetext.d.ts
npm notice 1.6kB types/src/display/editor/highlight.d.ts
npm notice 2.9kB types/src/display/editor/ink.d.ts
npm notice 980B types/src/display/editor/outliner.d.ts
npm notice 1.0kB types/src/display/editor/stamp.d.ts
npm notice 293B types/src/display/editor/toolbar.d.ts
npm notice 10.9kB types/src/display/editor/tools.d.ts
npm notice 2.1kB types/src/display/fetch_stream.d.ts
npm notice 1.6kB types/src/display/font_loader.d.ts
npm notice 226B types/src/display/metadata.d.ts
npm notice 663B types/src/display/network_utils.d.ts
npm notice 2.9kB types/src/display/network.d.ts
npm notice 2.2kB types/src/display/node_stream.d.ts
npm notice 807B types/src/display/node_utils.d.ts
npm notice 334B types/src/display/optional_content_config.d.ts
npm notice 2.1kB types/src/display/pattern_helper.d.ts
npm notice 4.4kB types/src/display/text_layer.d.ts
npm notice 2.5kB types/src/display/transport_stream.d.ts
npm notice 936B types/src/display/worker_options.d.ts
npm notice 1.5kB types/src/display/xfa_layer.d.ts
npm notice 747B types/src/display/xfa_text.d.ts
npm notice 4.0kB types/src/interfaces.d.ts
npm notice 3.9kB types/src/pdf.d.ts
npm notice 492B types/src/shared/image_utils.d.ts
npm notice 1.9kB types/src/shared/message_handler.d.ts
npm notice 147B types/src/shared/murmurhash3.d.ts
npm notice 738B types/src/shared/scripting_utils.d.ts
npm notice 12.5kB types/src/shared/util.d.ts
npm notice 2.4kB types/web/annotation_editor_layer_builder.d.ts
npm notice 3.6kB types/web/annotation_layer_builder.d.ts
npm notice 426B types/web/app_options.d.ts
npm notice 540B types/web/download_manager.d.ts
npm notice 573B types/web/draw_layer_builder.d.ts
npm notice 2.4kB types/web/event_utils.d.ts
npm notice 300B types/web/generic_scripting.d.ts
npm notice 717B types/web/genericl10n.d.ts
npm notice 4.7kB types/web/interfaces.d.ts
npm notice 335B types/web/l10n_utils.d.ts
npm notice 851B types/web/l10n.d.ts
npm notice 3.7kB types/web/pdf_find_controller.d.ts
npm notice 535B types/web/pdf_find_utils.d.ts
npm notice 4.5kB types/web/pdf_history.d.ts
npm notice 7.1kB types/web/pdf_link_service.d.ts
npm notice 8.0kB types/web/pdf_page_view.d.ts
npm notice 1.8kB types/web/pdf_rendering_queue.d.ts
npm notice 238B types/web/pdf_scripting_manager.component.d.ts
npm notice 1.9kB types/web/pdf_scripting_manager.d.ts
npm notice 224B types/web/pdf_single_page_viewer.d.ts
npm notice 4.4kB types/web/pdf_thumbnail_view.d.ts
npm notice 3.1kB types/web/pdf_thumbnail_viewer.d.ts
npm notice 1.6kB types/web/pdf_viewer.component.d.ts
npm notice 18.4kB types/web/pdf_viewer.d.ts
npm notice 177B types/web/struct_tree_layer_builder.d.ts
npm notice 1.7kB types/web/text_accessibility.d.ts
npm notice 2.2kB types/web/text_highlighter.d.ts
npm notice 2.5kB types/web/text_layer_builder.d.ts
npm notice 10.3kB types/web/ui_utils.d.ts
npm notice 1.7kB types/web/xfa_layer_builder.d.ts
npm notice 920B web/images/altText_add.svg
npm notice 1.1kB web/images/altText_done.svg
npm notice 415B web/images/annotation-check.svg
npm notice 883B web/images/annotation-comment.svg
npm notice 2.2kB web/images/annotation-help.svg
npm notice 408B web/images/annotation-insert.svg
npm notice 1.5kB web/images/annotation-key.svg
npm notice 426B web/images/annotation-newparagraph.svg
npm notice 158B web/images/annotation-noicon.svg
npm notice 1.0kB web/images/annotation-note.svg
npm notice 552B web/images/annotation-paperclip.svg
npm notice 1.1kB web/images/annotation-paragraph.svg
npm notice 1.4kB web/images/annotation-pushpin.svg
npm notice 909B web/images/editor-toolbar-delete.svg
npm notice 2.5kB web/images/loading-icon.gif
npm notice 681B web/images/toolbarButton-menuArrow.svg
npm notice 64.6kB web/pdf_viewer.css
npm notice 54B web/pdf_viewer.d.mts
npm notice 297.3kB web/pdf_viewer.mjs
npm notice 689.2kB web/pdf_viewer.mjs.map
npm notice 924B webpack.mjs
npm notice Tarball Details
npm notice name: pdfjs-dist
npm notice version: 4.0.379
npm notice filename: pdfjs-dist-4.0.379.tgz
npm notice package size: 9.3 MB
npm notice unpacked size: 32.7 MB
npm notice shasum: e2e967255d63c9caf0b6fe944e99ec9a746649da
npm notice integrity: sha512-6H0Gv1nna+wmr[...]MYRcM5bNx0elA==
npm notice total files: 325
npm notice
▶ verifying vendored files
✓ vendoring complete — production serves three/pdf.js locally (no runtime CDN)
▶ stamping build provenance into public/app/boot/build-info.js
wrote /workspace/scratch/3196fa9f65d9/audit-baseline/build_info.json
✓ stamped 3 token occurrence(s) in public/app/boot/build-info.js: sha=962f8daec2f1 built_at=2026-09-06T11:29:12Z version=1.3
build tokens substituted in public/app/boot/build-info.js
▶ verifying layer integration (one viewport contract everywhere)
✓ integration gate: every layer declares viewport-safety/1.0.0 (spec, python, browser mirror, bridge, shipped app modules under public/app/, the index shell markup, boot/build-info.js tokens, tests)
▶ verifying the index shell and the public/app module tree
✓ index guard: shell 47424 bytes (max 204800) · 8 referenced assets all resolve · zero inline JS, zero inline style · 27 modules under /app/ (20 imported by main.js), largest core/standards.js at 228695 B (cap 307200, allow-list empty) · importmap valid · engine init present · all 10 generated block pairs intact across the modules
▶ verifying the single API base and its CSP allowance
✓ API base: one authoritative origin https://acs-engine.onrender.com declared in public/app/boot/api-base.js · all 4 /v1 endpoint(s) routed through acsFetchJSON in public/app/ · CSP connect-src allows it
▶ verifying the inline import-map CSP hash (page ≡ sidecar ≡ netlify.toml)
✓ CSP importmap hash: sha256-kmeUkbmn7TSoFc+bR+iKEW0CLiuQIqi5X7Op3y+XBkA= · identical in the page (131 B), public/app/importmap.sha256 and netlify.toml script-src
✓ build verification complete
