Collecting httpx==0.27.2
  Downloading httpx-0.27.2-py3-none-any.whl.metadata (7.1 kB)
Collecting anyio (from httpx==0.27.2)
  Using cached anyio-4.15.1-py3-none-any.whl.metadata (4.7 kB)
Collecting certifi (from httpx==0.27.2)
  Using cached certifi-2026.7.22-py3-none-any.whl.metadata (2.5 kB)
Collecting httpcore==1.* (from httpx==0.27.2)
  Using cached httpcore-1.0.9-py3-none-any.whl.metadata (21 kB)
Collecting idna (from httpx==0.27.2)
  Using cached idna-3.19-py3-none-any.whl.metadata (9.2 kB)
Collecting sniffio (from httpx==0.27.2)
  Using cached sniffio-1.3.1-py3-none-any.whl.metadata (3.9 kB)
Collecting h11>=0.16 (from httpcore==1.*->httpx==0.27.2)
  Using cached h11-0.16.0-py3-none-any.whl.metadata (8.3 kB)
Collecting typing_extensions>=4.16.0 (from anyio->httpx==0.27.2)
  Using cached typing_extensions-4.16.0-py3-none-any.whl.metadata (3.3 kB)
Downloading httpx-0.27.2-py3-none-any.whl (76 kB)
Using cached httpcore-1.0.9-py3-none-any.whl (78 kB)
Using cached anyio-4.15.1-py3-none-any.whl (132 kB)
Using cached idna-3.19-py3-none-any.whl (68 kB)
Using cached certifi-2026.7.22-py3-none-any.whl (136 kB)
Using cached sniffio-1.3.1-py3-none-any.whl (10 kB)
Using cached h11-0.16.0-py3-none-any.whl (37 kB)
Using cached typing_extensions-4.16.0-py3-none-any.whl (45 kB)
Installing collected packages: typing_extensions, sniffio, idna, h11, certifi, httpcore, anyio, httpx
Successfully installed anyio-4.15.1 certifi-2026.7.22 h11-0.16.0 httpcore-1.0.9 httpx-0.27.2 idna-3.19 sniffio-1.3.1 typing_extensions-4.16.0
