[ACS] objects: requested=4 generated=4 generic_box=0 unsupported=0
[
  {
    "case": "warehouse",
    "source": "shipped local generator; DOM controls stubbed; no provider call, no pixel verification",
    "generation_s": 0.021559121000000004,
    "language_understanding_and_engineering_generation": "combined local parser/buildLocal execution",
    "validation_s": 0.004117454001971055,
    "architecture_compilation_s": 0.010215288006293122,
    "gltf_export_s": 0.10132180599612184,
    "svg_export_s": 0.02459281600022223,
    "measured_total_s": 0.16180648500460826,
    "gltf_nodes": 1140,
    "gltf_buffer_bytes": 1039680,
    "native_dxf_export": "NOT_IMPLEMENTED; audit-room-outlines.dxf is an audit-only room-outline projection"
  },
  {
    "case": "chalet",
    "source": "shipped local generator; DOM controls stubbed; no provider call, no pixel verification",
    "generation_s": 0.021677910999999994,
    "language_understanding_and_engineering_generation": "combined local parser/buildLocal execution",
    "validation_s": 0.00021658599871443585,
    "architecture_compilation_s": 0.0008867989963619038,
    "gltf_export_s": 0.014446774002863094,
    "svg_export_s": 0.006545929005369544,
    "measured_total_s": 0.04377399900330897,
    "gltf_nodes": 143,
    "gltf_buffer_bytes": 130416,
    "native_dxf_export": "NOT_IMPLEMENTED; audit-room-outlines.dxf is an audit-only room-outline projection"
  }
]
