test_actual_overlap_area (__main__.PolygonArchitecture.test_actual_overlap_area) ... FAIL
test_concave_boundary_walls_area_and_slab (__main__.PolygonArchitecture.test_concave_boundary_walls_area_and_slab) ... FAIL
test_diagonal_shared_wall_door_and_no_false_overlap (__main__.PolygonArchitecture.test_diagonal_shared_wall_door_and_no_false_overlap) ... FAIL
test_partial_shared_wall_mixed_rectangle_and_polygon (__main__.PolygonArchitecture.test_partial_shared_wall_mixed_rectangle_and_polygon) ... FAIL
test_void_updates_canonical_slab_area (__main__.PolygonArchitecture.test_void_updates_canonical_slab_area) ... ERROR

======================================================================
ERROR: test_void_updates_canonical_slab_area (__main__.PolygonArchitecture.test_void_updates_canonical_slab_area)
----------------------------------------------------------------------
Traceback (most recent call last):
  File "/workspace/scratch/3196fa9f65d9/AI-Instruction/tests/remediation/test_polygon_architecture.py", line 66, in test_void_updates_canonical_slab_area
    self.assertEqual([s["area_m2"] for s in arch["slabs"]],[20,19])
                      ~^^^^^^^^^^^
KeyError: 'area_m2'

======================================================================
FAIL: test_actual_overlap_area (__main__.PolygonArchitecture.test_actual_overlap_area)
----------------------------------------------------------------------
Traceback (most recent call last):
  File "/workspace/scratch/3196fa9f65d9/AI-Instruction/tests/remediation/test_polygon_architecture.py", line 51, in test_actual_overlap_area
    self.assertAlmostEqual(overlaps[0]["overlap_m2"],4,places=5)
AssertionError: 24.0 != 4 within 5 places (20.0 difference)

======================================================================
FAIL: test_concave_boundary_walls_area_and_slab (__main__.PolygonArchitecture.test_concave_boundary_walls_area_and_slab)
----------------------------------------------------------------------
Traceback (most recent call last):
  File "/workspace/scratch/3196fa9f65d9/AI-Instruction/tests/remediation/test_polygon_architecture.py", line 21, in test_concave_boundary_walls_area_and_slab
    self.assertEqual(arch["spaces"][0]["area_m2"],20)
AssertionError: 36.0 != 20

======================================================================
FAIL: test_diagonal_shared_wall_door_and_no_false_overlap (__main__.PolygonArchitecture.test_diagonal_shared_wall_door_and_no_false_overlap)
----------------------------------------------------------------------
Traceback (most recent call last):
  File "/workspace/scratch/3196fa9f65d9/AI-Instruction/tests/remediation/test_polygon_architecture.py", line 34, in test_diagonal_shared_wall_door_and_no_false_overlap
    self.assertEqual(len(shared),1)
AssertionError: 0 != 1

======================================================================
FAIL: test_partial_shared_wall_mixed_rectangle_and_polygon (__main__.PolygonArchitecture.test_partial_shared_wall_mixed_rectangle_and_polygon)
----------------------------------------------------------------------
Traceback (most recent call last):
  File "/workspace/scratch/3196fa9f65d9/AI-Instruction/tests/remediation/test_polygon_architecture.py", line 58, in test_partial_shared_wall_mixed_rectangle_and_polygon
    self.assertEqual(len(shared),1)
AssertionError: 0 != 1

----------------------------------------------------------------------
Ran 5 tests in 0.002s

FAILED (failures=4, errors=1)
