[ACS] objects: requested=4 generated=4 generic_box=0 unsupported=0
[
  {
    "case": "warehouse",
    "source": "shipped local generator; DOM controls stubbed; no provider call, no pixel verification",
    "generation_s": 0.022345854000000144,
    "language_understanding_and_engineering_generation": "combined local parser/buildLocal execution",
    "validation_s": 0.00455907300056424,
    "architecture_compilation_s": 0.0023922009859234095,
    "gltf_export_s": 0.09014343599847052,
    "svg_export_s": 0.026496930993744172,
    "measured_total_s": 0.14593749497870248,
    "gltf_nodes": 1140,
    "gltf_buffer_bytes": 1039680,
    "native_dxf_export": "NOT_IMPLEMENTED; audit-room-outlines.dxf is an audit-only room-outline projection"
  },
  {
    "case": "chalet",
    "source": "shipped local generator; DOM controls stubbed; no provider call, no pixel verification",
    "generation_s": 0.018143659999999954,
    "language_understanding_and_engineering_generation": "combined local parser/buildLocal execution",
    "validation_s": 0.0007517849880969152,
    "architecture_compilation_s": 0.0007846250082366168,
    "gltf_export_s": 0.01226460500038229,
    "svg_export_s": 0.005132027989020571,
    "measured_total_s": 0.03707670298573634,
    "gltf_nodes": 143,
    "gltf_buffer_bytes": 130416,
    "native_dxf_export": "NOT_IMPLEMENTED; audit-room-outlines.dxf is an audit-only room-outline projection"
  }
]
