test_reader_resolves_correct_aggregation_to_both_explicit_elevations (__main__.IfcSpatialAggregation.test_reader_resolves_correct_aggregation_to_both_explicit_elevations) ... 
  test_reader_resolves_correct_aggregation_to_both_explicit_elevations (__main__.IfcSpatialAggregation.test_reader_resolves_correct_aggregation_to_both_explicit_elevations) (space='#45') ... FAIL
  test_reader_resolves_correct_aggregation_to_both_explicit_elevations (__main__.IfcSpatialAggregation.test_reader_resolves_correct_aggregation_to_both_explicit_elevations) (space='#51') ... FAIL
test_spaces_are_aggregated_to_each_storey_and_products_stay_contained (__main__.IfcSpatialAggregation.test_spaces_are_aggregated_to_each_storey_and_products_stay_contained) ... 
  test_spaces_are_aggregated_to_each_storey_and_products_stay_contained (__main__.IfcSpatialAggregation.test_spaces_are_aggregated_to_each_storey_and_products_stay_contained) (space=45) ... FAIL
  test_spaces_are_aggregated_to_each_storey_and_products_stay_contained (__main__.IfcSpatialAggregation.test_spaces_are_aggregated_to_each_storey_and_products_stay_contained) (space=51) ... FAIL

======================================================================
FAIL: test_reader_resolves_correct_aggregation_to_both_explicit_elevations (__main__.IfcSpatialAggregation.test_reader_resolves_correct_aggregation_to_both_explicit_elevations) (space='#45')
----------------------------------------------------------------------
Traceback (most recent call last):
  File "/workspace/scratch/3196fa9f65d9/AI-Instruction/tests/remediation/test_ifc_spatial_aggregation.py", line 74, in test_reader_resolves_correct_aggregation_to_both_explicit_elevations
    self.assertEqual(space['level_source_id'],ref)
AssertionError: None != '#29'

======================================================================
FAIL: test_reader_resolves_correct_aggregation_to_both_explicit_elevations (__main__.IfcSpatialAggregation.test_reader_resolves_correct_aggregation_to_both_explicit_elevations) (space='#51')
----------------------------------------------------------------------
Traceback (most recent call last):
  File "/workspace/scratch/3196fa9f65d9/AI-Instruction/tests/remediation/test_ifc_spatial_aggregation.py", line 74, in test_reader_resolves_correct_aggregation_to_both_explicit_elevations
    self.assertEqual(space['level_source_id'],ref)
AssertionError: None != '#33'

======================================================================
FAIL: test_spaces_are_aggregated_to_each_storey_and_products_stay_contained (__main__.IfcSpatialAggregation.test_spaces_are_aggregated_to_each_storey_and_products_stay_contained) (space=45)
----------------------------------------------------------------------
Traceback (most recent call last):
  File "/workspace/scratch/3196fa9f65d9/AI-Instruction/tests/remediation/test_ifc_spatial_aggregation.py", line 56, in test_spaces_are_aggregated_to_each_storey_and_products_stay_contained
    self.assertNotIn(space['id'],contained)
AssertionError: 45 unexpectedly found in {45: 29, 63: 29, 73: 29, 83: 29, 93: 29, 133: 29, 151: 29, 173: 29, 192: 29, 51: 33, 101: 33, 109: 33, 117: 33, 125: 33, 139: 33, 161: 33, 183: 33, 198: 33}

======================================================================
FAIL: test_spaces_are_aggregated_to_each_storey_and_products_stay_contained (__main__.IfcSpatialAggregation.test_spaces_are_aggregated_to_each_storey_and_products_stay_contained) (space=51)
----------------------------------------------------------------------
Traceback (most recent call last):
  File "/workspace/scratch/3196fa9f65d9/AI-Instruction/tests/remediation/test_ifc_spatial_aggregation.py", line 56, in test_spaces_are_aggregated_to_each_storey_and_products_stay_contained
    self.assertNotIn(space['id'],contained)
AssertionError: 51 unexpectedly found in {45: 29, 63: 29, 73: 29, 83: 29, 93: 29, 133: 29, 151: 29, 173: 29, 192: 29, 51: 33, 101: 33, 109: 33, 117: 33, 125: 33, 139: 33, 161: 33, 183: 33, 198: 33}

----------------------------------------------------------------------
Ran 2 tests in 0.020s

FAILED (failures=4)
