[ACS] objects: requested=4 generated=4 generic_box=0 unsupported=0
[
  {
    "case": "warehouse",
    "source": "shipped local generator; DOM controls stubbed; no provider call, no pixel verification",
    "generation_s": 0.023921813999999812,
    "language_understanding_and_engineering_generation": "combined local parser/buildLocal execution",
    "validation_s": 0.0014415659970836714,
    "architecture_compilation_s": 0.0031651780009269714,
    "gltf_export_s": 0.09032536200538743,
    "svg_export_s": 0.02862054899742361,
    "measured_total_s": 0.1474744690008215,
    "gltf_nodes": 1140,
    "gltf_buffer_bytes": 1039680,
    "native_dxf_export": "NOT_IMPLEMENTED; audit-room-outlines.dxf is an audit-only room-outline projection"
  },
  {
    "case": "chalet",
    "source": "shipped local generator; DOM controls stubbed; no provider call, no pixel verification",
    "generation_s": 0.01655376100000012,
    "language_understanding_and_engineering_generation": "combined local parser/buildLocal execution",
    "validation_s": 0.0002222359980805777,
    "architecture_compilation_s": 0.0007231720010167919,
    "gltf_export_s": 0.010824100994796026,
    "svg_export_s": 0.00538367700210074,
    "measured_total_s": 0.03370694699599426,
    "gltf_nodes": 143,
    "gltf_buffer_bytes": 130416,
    "native_dxf_export": "NOT_IMPLEMENTED; audit-room-outlines.dxf is an audit-only room-outline projection"
  }
]
