[ACS] objects: requested=4 generated=4 generic_box=0 unsupported=0
[
  {
    "case": "warehouse",
    "source": "shipped local generator; DOM controls stubbed; no provider call, no pixel verification",
    "generation_s": 0.021264740000000074,
    "language_understanding_and_engineering_generation": "combined local parser/buildLocal execution",
    "validation_s": 0.0011410919978516176,
    "architecture_compilation_s": 0.002156244998332113,
    "gltf_export_s": 0.08541415800573304,
    "svg_export_s": 0.020278871998016257,
    "measured_total_s": 0.1302551069999331,
    "gltf_nodes": 1140,
    "gltf_buffer_bytes": 1039680,
    "native_dxf_export": "NOT_IMPLEMENTED; audit-room-outlines.dxf is an audit-only room-outline projection"
  },
  {
    "case": "chalet",
    "source": "shipped local generator; DOM controls stubbed; no provider call, no pixel verification",
    "generation_s": 0.028102442999999994,
    "language_understanding_and_engineering_generation": "combined local parser/buildLocal execution",
    "validation_s": 0.0001373369959765114,
    "architecture_compilation_s": 0.0006092590047046542,
    "gltf_export_s": 0.010792942004627548,
    "svg_export_s": 0.005159508997166995,
    "measured_total_s": 0.0448014900024757,
    "gltf_nodes": 143,
    "gltf_buffer_bytes": 130416,
    "native_dxf_export": "NOT_IMPLEMENTED; audit-room-outlines.dxf is an audit-only room-outline projection"
  }
]
