test_architecture_failure_creates_no_new_export (__main__.ArchitectureFailure.test_architecture_failure_creates_no_new_export) ... FAIL
test_architecture_failure_preserves_existing_export (__main__.ArchitectureFailure.test_architecture_failure_preserves_existing_export) ... FAIL
test_valid_architecture_still_exports_geometry (__main__.ArchitectureFailure.test_valid_architecture_still_exports_geometry) ... ok

======================================================================
FAIL: test_architecture_failure_creates_no_new_export (__main__.ArchitectureFailure.test_architecture_failure_creates_no_new_export)
----------------------------------------------------------------------
Traceback (most recent call last):
  File "/workspace/scratch/3196fa9f65d9/AI-Instruction/tests/remediation/test_compiler_arch_failure.py", line 28, in test_architecture_failure_creates_no_new_export
    with self.assertRaisesRegex(ValueError, "audit_bad_arch"):
         ^^^^^^^^^^^^^^^^^^^^^^^^^^^^^^^^^^^^^^^^^^^^^^^^^^^^
AssertionError: ValueError not raised

======================================================================
FAIL: test_architecture_failure_preserves_existing_export (__main__.ArchitectureFailure.test_architecture_failure_preserves_existing_export)
----------------------------------------------------------------------
Traceback (most recent call last):
  File "/workspace/scratch/3196fa9f65d9/AI-Instruction/tests/remediation/test_compiler_arch_failure.py", line 20, in test_architecture_failure_preserves_existing_export
    with self.assertRaisesRegex(RuntimeError, "audit_arch_failure"):
         ^^^^^^^^^^^^^^^^^^^^^^^^^^^^^^^^^^^^^^^^^^^^^^^^^^^^^^^^^^
AssertionError: RuntimeError not raised

----------------------------------------------------------------------
Ran 3 tests in 0.008s

FAILED (failures=2)
