[ACS] objects: requested=4 generated=4 generic_box=0 unsupported=0
[
  {
    "case": "warehouse",
    "source": "shipped local generator; DOM controls stubbed; no provider call, no pixel verification",
    "generation_s": 0.020561745999999857,
    "language_understanding_and_engineering_generation": "combined local parser/buildLocal execution",
    "validation_s": 0.007489619005355053,
    "architecture_compilation_s": 0.002206752003985457,
    "gltf_export_s": 0.09407977800583467,
    "svg_export_s": 0.021965655003441498,
    "measured_total_s": 0.14630355001861653,
    "gltf_nodes": 1140,
    "gltf_buffer_bytes": 1039680,
    "native_dxf_export": "NOT_IMPLEMENTED; audit-room-outlines.dxf is an audit-only room-outline projection"
  },
  {
    "case": "chalet",
    "source": "shipped local generator; DOM controls stubbed; no provider call, no pixel verification",
    "generation_s": 0.023241441000000123,
    "language_understanding_and_engineering_generation": "combined local parser/buildLocal execution",
    "validation_s": 0.0007295410032384098,
    "architecture_compilation_s": 0.0005620590090984479,
    "gltf_export_s": 0.015053150011226535,
    "svg_export_s": 0.008221993994084187,
    "measured_total_s": 0.047808185017647706,
    "gltf_nodes": 143,
    "gltf_buffer_bytes": 130416,
    "native_dxf_export": "NOT_IMPLEMENTED; audit-room-outlines.dxf is an audit-only room-outline projection"
  }
]
