[ACS] objects: requested=4 generated=4 generic_box=0 unsupported=0
[
  {
    "case": "warehouse",
    "source": "shipped local generator; DOM controls stubbed; no provider call, no pixel verification",
    "generation_s": 0.02853679699999998,
    "language_understanding_and_engineering_generation": "combined local parser/buildLocal execution",
    "validation_s": 0.005344598001101986,
    "architecture_compilation_s": 0.0029219510033726692,
    "gltf_export_s": 0.11288812498969492,
    "svg_export_s": 0.022636781999608502,
    "measured_total_s": 0.17232825299377805,
    "gltf_nodes": 1140,
    "gltf_buffer_bytes": 1039680,
    "native_dxf_export": "NOT_IMPLEMENTED; audit-room-outlines.dxf is an audit-only room-outline projection"
  },
  {
    "case": "chalet",
    "source": "shipped local generator; DOM controls stubbed; no provider call, no pixel verification",
    "generation_s": 0.024095892999999934,
    "language_understanding_and_engineering_generation": "combined local parser/buildLocal execution",
    "validation_s": 0.0007384950004052371,
    "architecture_compilation_s": 0.0005969409976387396,
    "gltf_export_s": 0.011372517998097464,
    "svg_export_s": 0.00521511300757993,
    "measured_total_s": 0.04201896000372131,
    "gltf_nodes": 143,
    "gltf_buffer_bytes": 130416,
    "native_dxf_export": "NOT_IMPLEMENTED; audit-room-outlines.dxf is an audit-only room-outline projection"
  }
]
