[ACS] objects: requested=4 generated=4 generic_box=0 unsupported=0
[
  {
    "case": "warehouse",
    "source": "shipped local generator; DOM controls stubbed; no provider call, no pixel verification",
    "generation_s": 0.025092240000000175,
    "language_understanding_and_engineering_generation": "combined local parser/buildLocal execution",
    "validation_s": 0.004848841999773867,
    "architecture_compilation_s": 0.0028339989949017763,
    "gltf_export_s": 0.09454770000593271,
    "svg_export_s": 0.020905728000798263,
    "measured_total_s": 0.1482285090014068,
    "gltf_nodes": 1140,
    "gltf_buffer_bytes": 1039680,
    "native_dxf_export": "NOT_IMPLEMENTED; audit-room-outlines.dxf is an audit-only room-outline projection"
  },
  {
    "case": "chalet",
    "source": "shipped local generator; DOM controls stubbed; no provider call, no pixel verification",
    "generation_s": 0.026775261,
    "language_understanding_and_engineering_generation": "combined local parser/buildLocal execution",
    "validation_s": 0.0009808009926928207,
    "architecture_compilation_s": 0.0005254139978205785,
    "gltf_export_s": 0.01216743300028611,
    "svg_export_s": 0.005487857008120045,
    "measured_total_s": 0.045936765998919556,
    "gltf_nodes": 143,
    "gltf_buffer_bytes": 130416,
    "native_dxf_export": "NOT_IMPLEMENTED; audit-room-outlines.dxf is an audit-only room-outline projection"
  }
]
