[ACS] objects: requested=1 generated=1 generic_box=0 unsupported=0
test_concave_slab_area_and_notch (__main__.PolygonGltf.test_concave_slab_area_and_notch) ... FAIL
test_core_void_and_coloured_finishes_keep_the_notch (__main__.PolygonGltf.test_core_void_and_coloured_finishes_keep_the_notch) ... FAIL
test_diagonal_wall_opening_keeps_position_and_width (__main__.PolygonGltf.test_diagonal_wall_opening_keeps_position_and_width) ... ERROR
test_invalid_ring_fails_before_file_is_written (__main__.PolygonGltf.test_invalid_ring_fails_before_file_is_written) ... 
  test_invalid_ring_fails_before_file_is_written (__main__.PolygonGltf.test_invalid_ring_fails_before_file_is_written) (points=[[0, 0], [6, 6], [0, 6], [6, 0]]) ... FAIL
  test_invalid_ring_fails_before_file_is_written (__main__.PolygonGltf.test_invalid_ring_fails_before_file_is_written) (points=[[0, 0], [6, 0], [6, 0], [0, 6]]) ... FAIL

======================================================================
ERROR: test_diagonal_wall_opening_keeps_position_and_width (__main__.PolygonGltf.test_diagonal_wall_opening_keeps_position_and_width)
----------------------------------------------------------------------
Traceback (most recent call last):
  File "/workspace/scratch/3196fa9f65d9/AI-Instruction/tests/remediation/test_polygon_gltf.py", line 82, in test_diagonal_wall_opening_keeps_position_and_width
    meshes = exported(b)
             ^^^^^^^^^^^
  File "/workspace/scratch/3196fa9f65d9/AI-Instruction/tests/remediation/test_polygon_gltf.py", line 31, in exported
    C.compile_building(building, str(path))
  File "/workspace/scratch/3196fa9f65d9/AI-Instruction/acs_compiler.py", line 925, in compile_building
    build_level(bld, lvl, fdef, base_y, defaults, fkey, holes)
  File "/workspace/scratch/3196fa9f65d9/AI-Instruction/acs_compiler.py", line 890, in build_level
    build_room(bld, room, fkey, base_y, defaults)
  File "/workspace/scratch/3196fa9f65d9/AI-Instruction/acs_compiler.py", line 728, in build_room
    e = dr["edge"]; uc = opening_u(e, rect, dr["offset"])
        ~~^^^^^^^^
KeyError: 'edge'

======================================================================
FAIL: test_concave_slab_area_and_notch (__main__.PolygonGltf.test_concave_slab_area_and_notch)
----------------------------------------------------------------------
Traceback (most recent call last):
  File "/workspace/scratch/3196fa9f65d9/AI-Instruction/tests/remediation/test_polygon_gltf.py", line 75, in test_concave_slab_area_and_notch
    self.assertAlmostEqual(area(triangles), 20, places=5)
AssertionError: 36.0 != 20 within 5 places (16.0 difference)

======================================================================
FAIL: test_core_void_and_coloured_finishes_keep_the_notch (__main__.PolygonGltf.test_core_void_and_coloured_finishes_keep_the_notch)
----------------------------------------------------------------------
Traceback (most recent call last):
  File "/workspace/scratch/3196fa9f65d9/AI-Instruction/tests/remediation/test_polygon_gltf.py", line 100, in test_core_void_and_coloured_finishes_keep_the_notch
    self.assertAlmostEqual(area(slab), 19, places=5)
AssertionError: 36.0 != 19 within 5 places (17.0 difference)

======================================================================
FAIL: test_invalid_ring_fails_before_file_is_written (__main__.PolygonGltf.test_invalid_ring_fails_before_file_is_written) (points=[[0, 0], [6, 6], [0, 6], [6, 0]])
----------------------------------------------------------------------
Traceback (most recent call last):
  File "/workspace/scratch/3196fa9f65d9/AI-Instruction/tests/remediation/test_polygon_gltf.py", line 112, in test_invalid_ring_fails_before_file_is_written
    with self.assertRaisesRegex(ValueError, "POLYGON"):
         ^^^^^^^^^^^^^^^^^^^^^^^^^^^^^^^^^^^^^^^^^^^^^
AssertionError: ValueError not raised

======================================================================
FAIL: test_invalid_ring_fails_before_file_is_written (__main__.PolygonGltf.test_invalid_ring_fails_before_file_is_written) (points=[[0, 0], [6, 0], [6, 0], [0, 6]])
----------------------------------------------------------------------
Traceback (most recent call last):
  File "/workspace/scratch/3196fa9f65d9/AI-Instruction/tests/remediation/test_polygon_gltf.py", line 112, in test_invalid_ring_fails_before_file_is_written
    with self.assertRaisesRegex(ValueError, "POLYGON"):
         ^^^^^^^^^^^^^^^^^^^^^^^^^^^^^^^^^^^^^^^^^^^^^
AssertionError: ValueError not raised

----------------------------------------------------------------------
Ran 4 tests in 0.012s

FAILED (failures=4, errors=1)
