[ACS] objects: requested=4 generated=4 generic_box=0 unsupported=0
[
  {
    "case": "warehouse",
    "source": "shipped local generator; DOM controls stubbed; no provider call, no pixel verification",
    "generation_s": 0.02395988299999999,
    "language_understanding_and_engineering_generation": "combined local parser/buildLocal execution",
    "validation_s": 0.004830051999306306,
    "architecture_compilation_s": 0.002852527002687566,
    "gltf_export_s": 0.08950907998951152,
    "svg_export_s": 0.020764186992892064,
    "measured_total_s": 0.14191572898439744,
    "gltf_nodes": 1140,
    "gltf_buffer_bytes": 1039680,
    "native_dxf_export": "NOT_IMPLEMENTED; audit-room-outlines.dxf is an audit-only room-outline projection"
  },
  {
    "case": "chalet",
    "source": "shipped local generator; DOM controls stubbed; no provider call, no pixel verification",
    "generation_s": 0.021803546999999982,
    "language_understanding_and_engineering_generation": "combined local parser/buildLocal execution",
    "validation_s": 0.0006927060021553189,
    "architecture_compilation_s": 0.000509719000547193,
    "gltf_export_s": 0.010657990002073348,
    "svg_export_s": 0.005385500000556931,
    "measured_total_s": 0.03904946200533277,
    "gltf_nodes": 143,
    "gltf_buffer_bytes": 130416,
    "native_dxf_export": "NOT_IMPLEMENTED; audit-room-outlines.dxf is an audit-only room-outline projection"
  }
]
