[ACS] objects: requested=4 generated=4 generic_box=0 unsupported=0
[
  {
    "case": "warehouse",
    "source": "shipped local generator; DOM controls stubbed; no provider call, no pixel verification",
    "generation_s": 0.022887662999999975,
    "language_understanding_and_engineering_generation": "combined local parser/buildLocal execution",
    "validation_s": 0.008201460994314402,
    "architecture_compilation_s": 0.005635527995764278,
    "gltf_export_s": 0.09185681400413159,
    "svg_export_s": 0.024110869999276474,
    "measured_total_s": 0.15269233599348672,
    "gltf_nodes": 1140,
    "gltf_buffer_bytes": 1039680,
    "native_dxf_export": "NOT_IMPLEMENTED; audit-room-outlines.dxf is an audit-only room-outline projection"
  },
  {
    "case": "chalet",
    "source": "shipped local generator; DOM controls stubbed; no provider call, no pixel verification",
    "generation_s": 0.024562237000000094,
    "language_understanding_and_engineering_generation": "combined local parser/buildLocal execution",
    "validation_s": 0.0009419109992450103,
    "architecture_compilation_s": 0.0006535160064231604,
    "gltf_export_s": 0.011676819005515426,
    "svg_export_s": 0.005585712002357468,
    "measured_total_s": 0.04342019501354116,
    "gltf_nodes": 143,
    "gltf_buffer_bytes": 130416,
    "native_dxf_export": "NOT_IMPLEMENTED; audit-room-outlines.dxf is an audit-only room-outline projection"
  }
]
