test_connected_pair_without_access_to_any_entry_is_unreachable (__main__.RoomAccess.test_connected_pair_without_access_to_any_entry_is_unreachable) ... FAIL
test_enclosed_room_without_door_is_not_hidden_by_strict (__main__.RoomAccess.test_enclosed_room_without_door_is_not_hidden_by_strict) ... FAIL
test_explicit_open_areas_do_not_require_doors (__main__.RoomAccess.test_explicit_open_areas_do_not_require_doors) ... ok
test_neighbor_can_declare_the_shared_door (__main__.RoomAccess.test_neighbor_can_declare_the_shared_door) ... FAIL
test_unsupported_shape_and_compiler_failure_are_explicitly_unevaluated (__main__.RoomAccess.test_unsupported_shape_and_compiler_failure_are_explicitly_unevaluated) ... ERROR
test_window_is_not_an_access_edge (__main__.RoomAccess.test_window_is_not_an_access_edge) ... FAIL

======================================================================
ERROR: test_unsupported_shape_and_compiler_failure_are_explicitly_unevaluated (__main__.RoomAccess.test_unsupported_shape_and_compiler_failure_are_explicitly_unevaluated)
----------------------------------------------------------------------
Traceback (most recent call last):
  File "/workspace/scratch/3196fa9f65d9/AI-Instruction/tests/remediation/test_room_access.py", line 62, in test_unsupported_shape_and_compiler_failure_are_explicitly_unevaluated
    self.assertEqual(stats["access"]["status"], "NOT_EVALUATED")
                     ~~~~~^^^^^^^^^^
KeyError: 'access'

======================================================================
FAIL: test_connected_pair_without_access_to_any_entry_is_unreachable (__main__.RoomAccess.test_connected_pair_without_access_to_any_entry_is_unreachable)
----------------------------------------------------------------------
Traceback (most recent call last):
  File "/workspace/scratch/3196fa9f65d9/AI-Instruction/tests/remediation/test_room_access.py", line 44, in test_connected_pair_without_access_to_any_entry_is_unreachable
    self.assertTrue(any("ROOM_UNREACHABLE" in issue and ".%s@0" % name in issue
AssertionError: False is not true : []

======================================================================
FAIL: test_enclosed_room_without_door_is_not_hidden_by_strict (__main__.RoomAccess.test_enclosed_room_without_door_is_not_hidden_by_strict)
----------------------------------------------------------------------
Traceback (most recent call last):
  File "/workspace/scratch/3196fa9f65d9/AI-Instruction/tests/remediation/test_room_access.py", line 29, in test_enclosed_room_without_door_is_not_hidden_by_strict
    self.assertTrue(any("ROOM_UNREACHABLE" in issue and "isolated@0" in issue for issue in issues), issues)
AssertionError: False is not true : []

======================================================================
FAIL: test_neighbor_can_declare_the_shared_door (__main__.RoomAccess.test_neighbor_can_declare_the_shared_door)
----------------------------------------------------------------------
Traceback (most recent call last):
  File "/workspace/scratch/3196fa9f65d9/AI-Instruction/tests/remediation/test_room_access.py", line 37, in test_neighbor_can_declare_the_shared_door
    self.assertEqual(V.validate_building(building)[0], [])
AssertionError: Lists differ: ['[g/target] بلا باب — أضِف باباً على حافة مناسبة.'] != []

First list contains 1 additional elements.
First extra element 0:
'[g/target] بلا باب — أضِف باباً على حافة مناسبة.'

- ['[g/target] بلا باب — أضِف باباً على حافة مناسبة.']
+ []

======================================================================
FAIL: test_window_is_not_an_access_edge (__main__.RoomAccess.test_window_is_not_an_access_edge)
----------------------------------------------------------------------
Traceback (most recent call last):
  File "/workspace/scratch/3196fa9f65d9/AI-Instruction/tests/remediation/test_room_access.py", line 50, in test_window_is_not_an_access_edge
    self.assertTrue(any("ROOM_UNREACHABLE" in issue for issue in V.validate_building(model([r]))[0]))
AssertionError: False is not true

----------------------------------------------------------------------
Ran 6 tests in 0.001s

FAILED (failures=4, errors=1)
