test_capability_required_for_status_result_and_replay (__main__.DeliveryTests.test_capability_required_for_status_result_and_replay) ... ok
test_capacity_and_body_size_bounds (__main__.DeliveryTests.test_capacity_and_body_size_bounds) ... ok
test_cors_wraps_receipts_status_results_and_denials (__main__.DeliveryTests.test_cors_wraps_receipts_status_results_and_denials) ... ok
test_deadline_is_terminal_not_false_success (__main__.DeliveryTests.test_deadline_is_terminal_not_false_success) ... ok
test_declared_errors_and_retry_after_survive_result_transport (__main__.DeliveryTests.test_declared_errors_and_retry_after_survive_result_transport) ... ok
test_expiry_removes_payload_not_idempotency_tombstone (__main__.DeliveryTests.test_expiry_removes_payload_not_idempotency_tombstone) ... ok
test_lost_receipt_does_not_cancel_worker_or_require_another_post (__main__.DeliveryTests.test_lost_receipt_does_not_cancel_worker_or_require_another_post) ... ok
test_original_api_validation_quota_and_payload_remain_in_use (__main__.DeliveryTests.test_original_api_validation_quota_and_payload_remain_in_use) ... /home/runner/work/AI-Instruction/AI-Instruction/acs_understand_api.py:967: DeprecationWarning: 
        on_event is deprecated, use lifespan event handlers instead.

        Read more about it in the
        [FastAPI docs for Lifespan Events](https://fastapi.tiangolo.com/advanced/events/).
        
  @app.on_event("startup")
/opt/hostedtoolcache/Python/3.11.16/x64/lib/python3.11/site-packages/fastapi/applications.py:4681: DeprecationWarning: 
        on_event is deprecated, use lifespan event handlers instead.

        Read more about it in the
        [FastAPI docs for Lifespan Events](https://fastapi.tiangolo.com/advanced/events/).
        
  return self.router.on_event(event_type)  # ty: ignore[deprecated]
Executing <Task pending name='Task-59' coro=<DeliveryTests.test_original_api_validation_quota_and_payload_remain_in_use() running at /home/runner/work/AI-Instruction/AI-Instruction/tests/remediation/test_async_generation_jobs.py:182> wait_for=<Future pending cb=[Task.task_wakeup()] created at /opt/hostedtoolcache/Python/3.11.16/x64/lib/python3.11/asyncio/base_events.py:428> cb=[_run_until_complete_cb() at /opt/hostedtoolcache/Python/3.11.16/x64/lib/python3.11/asyncio/base_events.py:181] created at /opt/hostedtoolcache/Python/3.11.16/x64/lib/python3.11/asyncio/runners.py:100> took 0.641 seconds
ok
test_original_routes_bypass_adapter (__main__.DeliveryTests.test_original_routes_bypass_adapter) ... ok
test_oversized_result_fails_instead_of_retaining_truncated_json (__main__.DeliveryTests.test_oversized_result_fails_instead_of_retaining_truncated_json) ... ok
test_parallel_replays_are_one_job_and_changed_input_is_rejected (__main__.DeliveryTests.test_parallel_replays_are_one_job_and_changed_input_is_rejected) ... ok
test_receipt_does_not_wait_for_generation_and_legacy_route_receives_input (__main__.DeliveryTests.test_receipt_does_not_wait_for_generation_and_legacy_route_receives_input) ... ok
test_result_can_be_read_again_after_download_connection_loss (__main__.DeliveryTests.test_result_can_be_read_again_after_download_connection_loss) ... ok

----------------------------------------------------------------------
Ran 13 tests in 0.891s

OK
