PASS Load failed is UNKNOWN network cause, never DNS
PASS Failed to fetch is UNKNOWN network cause, never DNS
PASS NetworkError when attempting to fetch resource. is UNKNOWN network cause, never DNS
PASS offline before sending makes zero requests
PASS going offline after send does not assert non-delivery
PASS body connection failure preserves HTTP and request id
PASS deadline covers headers with a caller signal
PASS deadline covers body with a caller signal
PASS caller cancellation still aborts transport
PASS preserves SUCCESS
PASS preserves INVALID_JSON
PASS preserves HTTP_429
PASS preserves HTTP_4XX
PASS preserves HTTP_5XX
PASS preserves VALID_API_ERROR
PASS NETWORK_ERROR cannot offer a duplicate paid request based on a client key
PASS NETWORK_DNS cannot offer a duplicate paid request based on a client key
PASS TIMEOUT cannot offer a duplicate paid request based on a client key
PASS a new generation replaces the previous failure with pending status
PASS an older failure cannot replace a newer pending generation
PASS an older failure cannot overwrite a newer successful server response
PASS a parsed server response without a model ends the pending indicator
TRANSPORT UNIT: 22 passed, 0 failed (Node, no browser or paid calls)
