FAIL polygon BIM exchange 0
AssertionError [ERR_ASSERTION]: Expected values to be strictly equal:

36 !== 20

    at eval (eval at run (/workspace/scratch/3196fa9f65d9/AI-Instruction/tests/lib/run.js:19:12), <anonymous>:25992:24)
    at Object.run (/workspace/scratch/3196fa9f65d9/AI-Instruction/tests/lib/run.js:21:3)
    at Object.<anonymous> (/workspace/scratch/3196fa9f65d9/AI-Instruction/tests/remediation/test_polygon_bim_exchange.js:2:52)
    at Module._compile (node:internal/modules/cjs/loader:1872:14)
    at Object..js (node:internal/modules/cjs/loader:2003:10)
    at Module.load (node:internal/modules/cjs/loader:1594:32)
    at Module._load (node:internal/modules/cjs/loader:1396:12)
    at wrapModuleLoad (node:internal/modules/cjs/loader:255:19)
    at Module.executeUserEntryPoint [as runMain] (node:internal/modules/run_main:154:5)
    at node:internal/main/run_main_module:33:47
FAIL polygon BIM exchange 1
AssertionError [ERR_ASSERTION]: Expected values to be strictly equal:

8 !== 5

    at eval (eval at run (/workspace/scratch/3196fa9f65d9/AI-Instruction/tests/lib/run.js:19:12), <anonymous>:25993:24)
    at Object.run (/workspace/scratch/3196fa9f65d9/AI-Instruction/tests/lib/run.js:21:3)
    at Object.<anonymous> (/workspace/scratch/3196fa9f65d9/AI-Instruction/tests/remediation/test_polygon_bim_exchange.js:2:52)
    at Module._compile (node:internal/modules/cjs/loader:1872:14)
    at Object..js (node:internal/modules/cjs/loader:2003:10)
    at Module.load (node:internal/modules/cjs/loader:1594:32)
    at Module._load (node:internal/modules/cjs/loader:1396:12)
    at wrapModuleLoad (node:internal/modules/cjs/loader:255:19)
    at Module.executeUserEntryPoint [as runMain] (node:internal/modules/run_main:154:5)
    at node:internal/main/run_main_module:33:47
FAIL polygon BIM exchange 2
TypeError: Cannot read properties of undefined (reading 'reduce')
    at eval (eval at run (/workspace/scratch/3196fa9f65d9/AI-Instruction/tests/lib/run.js:19:12), <anonymous>:25994:68)
    at Array.map (<anonymous>)
    at eval (eval at run (/workspace/scratch/3196fa9f65d9/AI-Instruction/tests/lib/run.js:19:12), <anonymous>:25994:42)
    at Object.run (/workspace/scratch/3196fa9f65d9/AI-Instruction/tests/lib/run.js:21:3)
    at Object.<anonymous> (/workspace/scratch/3196fa9f65d9/AI-Instruction/tests/remediation/test_polygon_bim_exchange.js:2:52)
    at Module._compile (node:internal/modules/cjs/loader:1872:14)
    at Object..js (node:internal/modules/cjs/loader:2003:10)
    at Module.load (node:internal/modules/cjs/loader:1594:32)
    at Module._load (node:internal/modules/cjs/loader:1396:12)
    at wrapModuleLoad (node:internal/modules/cjs/loader:255:19)
POLYGON BIM EXCHANGE: 0 passed, 3 failed
