[ACS] objects: requested=4 generated=4 generic_box=0 unsupported=0
[
  {
    "case": "warehouse",
    "source": "shipped local generator; DOM controls stubbed; no provider call, no pixel verification",
    "generation_s": 0.029894240000000082,
    "language_understanding_and_engineering_generation": "combined local parser/buildLocal execution",
    "validation_s": 0.003865815990138799,
    "architecture_compilation_s": 0.0021624340006383136,
    "gltf_export_s": 0.10704250700655393,
    "svg_export_s": 0.02496577899728436,
    "measured_total_s": 0.16793077599461548,
    "gltf_nodes": 1140,
    "gltf_buffer_bytes": 1039680,
    "native_dxf_export": "NOT_IMPLEMENTED; audit-room-outlines.dxf is an audit-only room-outline projection"
  },
  {
    "case": "chalet",
    "source": "shipped local generator; DOM controls stubbed; no provider call, no pixel verification",
    "generation_s": 0.023672747999999955,
    "language_understanding_and_engineering_generation": "combined local parser/buildLocal execution",
    "validation_s": 0.0007169820019043982,
    "architecture_compilation_s": 0.0005851339956279844,
    "gltf_export_s": 0.012297594992560335,
    "svg_export_s": 0.006773765999241732,
    "measured_total_s": 0.0440462249893344,
    "gltf_nodes": 143,
    "gltf_buffer_bytes": 130416,
    "native_dxf_export": "NOT_IMPLEMENTED; audit-room-outlines.dxf is an audit-only room-outline projection"
  }
]
