[ACS] objects: requested=4 generated=4 generic_box=0 unsupported=0
[
  {
    "case": "warehouse",
    "source": "shipped local generator; DOM controls stubbed; no provider call, no pixel verification",
    "generation_s": 0.025518575000000054,
    "language_understanding_and_engineering_generation": "combined local parser/buildLocal execution",
    "validation_s": 0.00208299500081921,
    "architecture_compilation_s": 0.004482948002987541,
    "gltf_export_s": 0.09955212700151606,
    "svg_export_s": 0.03216506900207605,
    "measured_total_s": 0.1638017140073989,
    "gltf_nodes": 1140,
    "gltf_buffer_bytes": 1039680,
    "native_dxf_export": "NOT_IMPLEMENTED; audit-room-outlines.dxf is an audit-only room-outline projection"
  },
  {
    "case": "chalet",
    "source": "shipped local generator; DOM controls stubbed; no provider call, no pixel verification",
    "generation_s": 0.017262662000000092,
    "language_understanding_and_engineering_generation": "combined local parser/buildLocal execution",
    "validation_s": 0.00024355800269404426,
    "architecture_compilation_s": 0.0008352510049007833,
    "gltf_export_s": 0.011957181995967403,
    "svg_export_s": 0.005372610998165328,
    "measured_total_s": 0.035671264001727654,
    "gltf_nodes": 143,
    "gltf_buffer_bytes": 130416,
    "native_dxf_export": "NOT_IMPLEMENTED; audit-room-outlines.dxf is an audit-only room-outline projection"
  }
]
