[
  {
    "source": "/workspace/scratch/3196fa9f65d9/AI-Instruction/artifacts/audit/evidence/ifc-schema/building.json",
    "export_valid": true,
    "schema": "IFC4",
    "schema_errors": 0,
    "express_rules_evaluated": false,
    "checker_version": "0.8.5",
    "sha256": "1ccaa68b60043a794de31a032a5a03d7f8d5c922e48472ee7bb993d49821aa2c",
    "seconds": 0.02180983500147704
  },
  {
    "source": "/workspace/scratch/3196fa9f65d9/AI-Instruction/artifacts/audit/fixes/C15/local-models/warehouse.json",
    "export_valid": true,
    "schema": "IFC4",
    "schema_errors": 0,
    "express_rules_evaluated": false,
    "checker_version": "0.8.5",
    "sha256": "8592aca7ca7e49fbd835e5fc4da721005c8af262f5d64095e695c3c9d5c09b15",
    "seconds": 0.1020891039952403
  },
  {
    "source": "/workspace/scratch/3196fa9f65d9/AI-Instruction/artifacts/audit/fixes/C15/local-models/chalet.json",
    "export_valid": false,
    "issues": [
      {
        "code": "BIM_INVALID_IDENTIFIER",
        "severity": "ERROR",
        "entity_id": "bld_0.flr_1.typical.\u0645_\u0648\u062d\u0645\u0627\u0645_2\u00d7",
        "message": "canonical identifier is not a plausible identifier",
        "blocking": true
      },
      {
        "code": "BIM_INVALID_IDENTIFIER",
        "severity": "ERROR",
        "entity_id": "bld_0.flr_2.typical.\u0645_\u0648\u062d\u0645\u0627\u0645_2\u00d7",
        "message": "canonical identifier is not a plausible identifier",
        "blocking": true
      },
      {
        "code": "BIM_INVALID_IDENTIFIER",
        "severity": "ERROR",
        "entity_id": "bld_0.flr_3.typical.\u0645_\u0648\u062d\u0645\u0627\u0645_2\u00d7",
        "message": "canonical identifier is not a plausible identifier",
        "blocking": true
      },
      {
        "code": "BIM_INVALID_IDENTIFIER",
        "severity": "ERROR",
        "entity_id": "bld_0.flr_1.typical.\u0645_\u0648\u062d\u0645\u0627\u0645_2\u00d7.wall_N",
        "message": "canonical identifier is not a plausible identifier",
        "blocking": true
      },
      {
        "code": "BIM_INVALID_IDENTIFIER",
        "severity": "ERROR",
        "entity_id": "bld_0.flr_1.typical.\u0645_\u0648\u062d\u0645\u0627\u0645_2\u00d7.wall_S",
        "message": "canonical identifier is not a plausible identifier",
        "blocking": true
      },
      {
        "code": "BIM_INVALID_IDENTIFIER",
        "severity": "ERROR",
        "entity_id": "bld_0.flr_1.typical.\u0645_\u0648\u062d\u0645\u0627\u0645_2\u00d7.wall_W",
        "message": "canonical identifier is not a plausible identifier",
        "blocking": true
      },
      {
        "code": "BIM_INVALID_IDENTIFIER",
        "severity": "ERROR",
        "entity_id": "bld_0.flr_1.typical.\u0645_\u0648\u062d\u0645\u0627\u0645_2\u00d7.wall_E",
        "message": "canonical identifier is not a plausible identifier",
        "blocking": true
      },
      {
        "code": "BIM_INVALID_IDENTIFIER",
        "severity": "ERROR",
        "entity_id": "bld_0.flr_2.typical.\u0645_\u0648\u062d\u0645\u0627\u0645_2\u00d7.wall_N",
        "message": "canonical identifier is not a plausible identifier",
        "blocking": true
      },
      {
        "code": "BIM_INVALID_IDENTIFIER",
        "severity": "ERROR",
        "entity_id": "bld_0.flr_2.typical.\u0645_\u0648\u062d\u0645\u0627\u0645_2\u00d7.wall_S",
        "message": "canonical identifier is not a plausible identifier",
        "blocking": true
      },
      {
        "code": "BIM_INVALID_IDENTIFIER",
        "severity": "ERROR",
        "entity_id": "bld_0.flr_2.typical.\u0645_\u0648\u062d\u0645\u0627\u0645_2\u00d7.wall_W",
        "message": "canonical identifier is not a plausible identifier",
        "blocking": true
      },
      {
        "code": "BIM_INVALID_IDENTIFIER",
        "severity": "ERROR",
        "entity_id": "bld_0.flr_2.typical.\u0645_\u0648\u062d\u0645\u0627\u0645_2\u00d7.wall_E",
        "message": "canonical identifier is not a plausible identifier",
        "blocking": true
      },
      {
        "code": "BIM_INVALID_IDENTIFIER",
        "severity": "ERROR",
        "entity_id": "bld_0.flr_3.typical.\u0645_\u0648\u062d\u0645\u0627\u0645_2\u00d7.wall_N",
        "message": "canonical identifier is not a plausible identifier",
        "blocking": true
      },
      {
        "code": "BIM_INVALID_IDENTIFIER",
        "severity": "ERROR",
        "entity_id": "bld_0.flr_3.typical.\u0645_\u0648\u062d\u0645\u0627\u0645_2\u00d7.wall_S",
        "message": "canonical identifier is not a plausible identifier",
        "blocking": true
      },
      {
        "code": "BIM_INVALID_IDENTIFIER",
        "severity": "ERROR",
        "entity_id": "bld_0.flr_3.typical.\u0645_\u0648\u062d\u0645\u0627\u0645_2\u00d7.wall_W",
        "message": "canonical identifier is not a plausible identifier",
        "blocking": true
      },
      {
        "code": "BIM_INVALID_IDENTIFIER",
        "severity": "ERROR",
        "entity_id": "bld_0.flr_3.typical.\u0645_\u0648\u062d\u0645\u0627\u0645_2\u00d7.wall_E",
        "message": "canonical identifier is not a plausible identifier",
        "blocking": true
      },
      {
        "code": "BIM_INVALID_IDENTIFIER",
        "severity": "ERROR",
        "entity_id": "bld_0.flr_1.typical.\u0645_\u0648\u062d\u0645\u0627\u0645_2\u00d7.door_0",
        "message": "canonical identifier is not a plausible identifier",
        "blocking": true
      },
      {
        "code": "BIM_INVALID_IDENTIFIER",
        "severity": "ERROR",
        "entity_id": "bld_0.flr_2.typical.\u0645_\u0648\u062d\u0645\u0627\u0645_2\u00d7.door_0",
        "message": "canonical identifier is not a plausible identifier",
        "blocking": true
      },
      {
        "code": "BIM_INVALID_IDENTIFIER",
        "severity": "ERROR",
        "entity_id": "bld_0.flr_3.typical.\u0645_\u0648\u062d\u0645\u0627\u0645_2\u00d7.door_0",
        "message": "canonical identifier is not a plausible identifier",
        "blocking": true
      }
    ]
  }
]
