Collecting ifcopenshell
  Downloading ifcopenshell-0.8.5-py312-none-manylinux_2_31_x86_64.whl.metadata (13 kB)
Collecting shapely (from ifcopenshell)
  Downloading shapely-2.1.2-cp312-cp312-manylinux2014_x86_64.manylinux_2_17_x86_64.whl.metadata (6.8 kB)
Requirement already satisfied: numpy in ./audit-fixed-venv/lib/python3.12/site-packages (from ifcopenshell) (2.4.4)
Collecting isodate (from ifcopenshell)
  Downloading isodate-0.7.2-py3-none-any.whl.metadata (11 kB)
Collecting python-dateutil (from ifcopenshell)
  Downloading python_dateutil-2.9.0.post0-py2.py3-none-any.whl.metadata (8.4 kB)
Collecting lark (from ifcopenshell)
  Downloading lark-1.3.1-py3-none-any.whl.metadata (1.8 kB)
Requirement already satisfied: typing-extensions in ./audit-fixed-venv/lib/python3.12/site-packages (from ifcopenshell) (4.16.0)
Collecting six>=1.5 (from python-dateutil->ifcopenshell)
  Downloading six-1.17.0-py2.py3-none-any.whl.metadata (1.7 kB)
Downloading ifcopenshell-0.8.5-py312-none-manylinux_2_31_x86_64.whl (43.7 MB)
   ━━━━━━━━━━━━━━━━━━━━━━━━━━━━━━━━━━━━━━━━ 43.7/43.7 MB 119.8 MB/s eta 0:00:00
Downloading isodate-0.7.2-py3-none-any.whl (22 kB)
Downloading lark-1.3.1-py3-none-any.whl (113 kB)
Downloading python_dateutil-2.9.0.post0-py2.py3-none-any.whl (229 kB)
Downloading shapely-2.1.2-cp312-cp312-manylinux2014_x86_64.manylinux_2_17_x86_64.whl (3.1 MB)
   ━━━━━━━━━━━━━━━━━━━━━━━━━━━━━━━━━━━━━━━━ 3.1/3.1 MB 48.0 MB/s eta 0:00:00
Downloading six-1.17.0-py2.py3-none-any.whl (11 kB)
Installing collected packages: six, shapely, lark, isodate, python-dateutil, ifcopenshell
Successfully installed ifcopenshell-0.8.5 isodate-0.7.2 lark-1.3.1 python-dateutil-2.9.0.post0 shapely-2.1.2 six-1.17.0
