[ACS] objects: requested=4 generated=4 generic_box=0 unsupported=0
[
  {
    "case": "warehouse",
    "source": "shipped local generator; DOM controls stubbed; no provider call, no pixel verification",
    "generation_s": 0.020480038999999978,
    "language_understanding_and_engineering_generation": "combined local parser/buildLocal execution",
    "validation_s": 0.005324215002474375,
    "architecture_compilation_s": 0.003464769004494883,
    "gltf_export_s": 0.11741037300089374,
    "svg_export_s": 0.021678357996279374,
    "measured_total_s": 0.16835775400414235,
    "gltf_nodes": 1140,
    "gltf_buffer_bytes": 1039680,
    "native_dxf_export": "NOT_IMPLEMENTED; audit-room-outlines.dxf is an audit-only room-outline projection"
  },
  {
    "case": "chalet",
    "source": "shipped local generator; DOM controls stubbed; no provider call, no pixel verification",
    "generation_s": 0.015870893000000025,
    "language_understanding_and_engineering_generation": "combined local parser/buildLocal execution",
    "validation_s": 0.0007625909929629415,
    "architecture_compilation_s": 0.000687017003656365,
    "gltf_export_s": 0.010880802001338452,
    "svg_export_s": 0.00533253799949307,
    "measured_total_s": 0.03353384099745085,
    "gltf_nodes": 143,
    "gltf_buffer_bytes": 130416,
    "native_dxf_export": "NOT_IMPLEMENTED; audit-room-outlines.dxf is an audit-only room-outline projection"
  }
]
