[ACS] objects: requested=4 generated=4 generic_box=0 unsupported=0
[
  {
    "case": "warehouse",
    "source": "shipped local generator; DOM controls stubbed; no provider call, no pixel verification",
    "generation_s": 0.023145569999999907,
    "language_understanding_and_engineering_generation": "combined local parser/buildLocal execution",
    "validation_s": 0.0017735660003381781,
    "architecture_compilation_s": 0.004522663999523502,
    "gltf_export_s": 0.11373273999925004,
    "svg_export_s": 0.02800524099438917,
    "measured_total_s": 0.17117978099350079,
    "gltf_nodes": 1140,
    "gltf_buffer_bytes": 1039680,
    "native_dxf_export": "NOT_IMPLEMENTED; audit-room-outlines.dxf is an audit-only room-outline projection"
  },
  {
    "case": "chalet",
    "source": "shipped local generator; DOM controls stubbed; no provider call, no pixel verification",
    "generation_s": 0.02021120300000007,
    "language_understanding_and_engineering_generation": "combined local parser/buildLocal execution",
    "validation_s": 0.00013036599557381123,
    "architecture_compilation_s": 0.0006039809959474951,
    "gltf_export_s": 0.010643928006174974,
    "svg_export_s": 0.0054428120056400076,
    "measured_total_s": 0.037032290003336354,
    "gltf_nodes": 143,
    "gltf_buffer_bytes": 130416,
    "native_dxf_export": "NOT_IMPLEMENTED; audit-room-outlines.dxf is an audit-only room-outline projection"
  }
]
