[ACS] objects: requested=4 generated=4 generic_box=0 unsupported=0
[
  {
    "case": "warehouse",
    "source": "shipped local generator; DOM controls stubbed; no provider call, no pixel verification",
    "generation_s": 0.021018017999999982,
    "language_understanding_and_engineering_generation": "combined local parser/buildLocal execution",
    "validation_s": 0.0017699989984976128,
    "architecture_compilation_s": 0.004788370999449398,
    "gltf_export_s": 0.10573002499586437,
    "svg_export_s": 0.021060619001218583,
    "measured_total_s": 0.15436703199502994,
    "gltf_nodes": 1140,
    "gltf_buffer_bytes": 1039680,
    "native_dxf_export": "NOT_IMPLEMENTED; audit-room-outlines.dxf is an audit-only room-outline projection"
  },
  {
    "case": "chalet",
    "source": "shipped local generator; DOM controls stubbed; no provider call, no pixel verification",
    "generation_s": 0.014601738999999952,
    "language_understanding_and_engineering_generation": "combined local parser/buildLocal execution",
    "validation_s": 0.00013118800416123122,
    "architecture_compilation_s": 0.0005830299996887334,
    "gltf_export_s": 0.01031430399598321,
    "svg_export_s": 0.004934351003612392,
    "measured_total_s": 0.03056461200344552,
    "gltf_nodes": 143,
    "gltf_buffer_bytes": 130416,
    "native_dxf_export": "NOT_IMPLEMENTED; audit-room-outlines.dxf is an audit-only room-outline projection"
  }
]
