[ACS] objects: requested=4 generated=4 generic_box=0 unsupported=0
[
  {
    "case": "warehouse",
    "source": "shipped local generator; DOM controls stubbed; no provider call, no pixel verification",
    "generation_s": 0.020508366000000024,
    "language_understanding_and_engineering_generation": "combined local parser/buildLocal execution",
    "validation_s": 0.004239019996020943,
    "architecture_compilation_s": 0.0021059999999124557,
    "gltf_export_s": 0.097631625001668,
    "svg_export_s": 0.023774417000822723,
    "measured_total_s": 0.14825942799842415,
    "gltf_nodes": 1140,
    "gltf_buffer_bytes": 1039680,
    "native_dxf_export": "NOT_IMPLEMENTED; audit-room-outlines.dxf is an audit-only room-outline projection"
  },
  {
    "case": "chalet",
    "source": "shipped local generator; DOM controls stubbed; no provider call, no pixel verification",
    "generation_s": 0.01899660300000005,
    "language_understanding_and_engineering_generation": "combined local parser/buildLocal execution",
    "validation_s": 0.0007034919981379062,
    "architecture_compilation_s": 0.0005479270039359108,
    "gltf_export_s": 0.012048561999108642,
    "svg_export_s": 0.005454665995785035,
    "measured_total_s": 0.037751249996967544,
    "gltf_nodes": 143,
    "gltf_buffer_bytes": 130416,
    "native_dxf_export": "NOT_IMPLEMENTED; audit-room-outlines.dxf is an audit-only room-outline projection"
  }
]
