[ACS] objects: requested=4 generated=4 generic_box=0 unsupported=0
[
  {
    "case": "warehouse",
    "source": "shipped local generator; DOM controls stubbed; no provider call, no pixel verification",
    "generation_s": 0.02283741800000007,
    "language_understanding_and_engineering_generation": "combined local parser/buildLocal execution",
    "validation_s": 0.0014247810031520203,
    "architecture_compilation_s": 0.003110525998636149,
    "gltf_export_s": 0.08713160100160167,
    "svg_export_s": 0.0204992979997769,
    "measured_total_s": 0.1350036240031668,
    "gltf_nodes": 1140,
    "gltf_buffer_bytes": 1039680,
    "native_dxf_export": "NOT_IMPLEMENTED; audit-room-outlines.dxf is an audit-only room-outline projection"
  },
  {
    "case": "chalet",
    "source": "shipped local generator; DOM controls stubbed; no provider call, no pixel verification",
    "generation_s": 0.032430769999999935,
    "language_understanding_and_engineering_generation": "combined local parser/buildLocal execution",
    "validation_s": 0.00022371800150722265,
    "architecture_compilation_s": 0.0005421890018624254,
    "gltf_export_s": 0.010485730999789666,
    "svg_export_s": 0.0047646430029999465,
    "measured_total_s": 0.048447051006159196,
    "gltf_nodes": 143,
    "gltf_buffer_bytes": 130416,
    "native_dxf_export": "NOT_IMPLEMENTED; audit-room-outlines.dxf is an audit-only room-outline projection"
  }
]
