node:assert:152
  throw new AssertionError(obj);
  ^

AssertionError [ERR_ASSERTION]: Expected values to be strictly equal:
+ actual - expected

+ 'report'
- 'report on'
         ^

    at eval (eval at run (/workspace/scratch/3196fa9f65d9/audit-verify/tests/lib/run.js:19:12), <anonymous>:25596:14)
    at run (/workspace/scratch/3196fa9f65d9/audit-verify/tests/lib/run.js:21:3)
    at Object.<anonymous> (/workspace/scratch/3196fa9f65d9/audit-verify/tests/lib/run.js:26:3)
    at Module._compile (node:internal/modules/cjs/loader:1872:14)
    at Object..js (node:internal/modules/cjs/loader:2003:10)
    at Module.load (node:internal/modules/cjs/loader:1594:32)
    at Module._load (node:internal/modules/cjs/loader:1396:12)
    at wrapModuleLoad (node:internal/modules/cjs/loader:255:19)
    at Module.executeUserEntryPoint [as runMain] (node:internal/modules/run_main:154:5)
    at node:internal/main/run_main_module:33:47 {
  generatedMessage: true,
  code: 'ERR_ASSERTION',
  actual: 'report',
  expected: 'report on',
  operator: 'strictEqual',
  diff: 'simple'
}

Node.js v24.19.0
