test_changed_area_is_measured_from_the_profile_not_the_box_or_metadata (__main__.PolygonBimDiff.test_changed_area_is_measured_from_the_profile_not_the_box_or_metadata) ... FAIL
test_equal_area_different_shape_is_still_a_geometry_change (__main__.PolygonBimDiff.test_equal_area_different_shape_is_still_a_geometry_change) ... FAIL
test_equivalent_winding_and_cell_partition_do_not_create_a_change (__main__.PolygonBimDiff.test_equivalent_winding_and_cell_partition_do_not_create_a_change) ... FAIL
test_filled_upper_core_void_targets_its_slab (__main__.PolygonBimDiff.test_filled_upper_core_void_targets_its_slab) ... FAIL
test_identical_rectangle_l_and_negative_origin_have_no_proposal (__main__.PolygonBimDiff.test_identical_rectangle_l_and_negative_origin_have_no_proposal) ... 
  test_identical_rectangle_l_and_negative_origin_have_no_proposal (__main__.PolygonBimDiff.test_identical_rectangle_l_and_negative_origin_have_no_proposal) (origin=[0, 0, 6, 6]) ... FAIL
  test_identical_rectangle_l_and_negative_origin_have_no_proposal (__main__.PolygonBimDiff.test_identical_rectangle_l_and_negative_origin_have_no_proposal) (origin=[-100, 230, 6, 6]) ... FAIL

======================================================================
FAIL: test_changed_area_is_measured_from_the_profile_not_the_box_or_metadata (__main__.PolygonBimDiff.test_changed_area_is_measured_from_the_profile_not_the_box_or_metadata)
----------------------------------------------------------------------
Traceback (most recent call last):
  File "/workspace/scratch/3196fa9f65d9/AI-Instruction/tests/remediation/test_polygon_bim_diff.py", line 56, in test_changed_area_is_measured_from_the_profile_not_the_box_or_metadata
    self.assertEqual([entries[0][k] for k in ('type', 'field', 'old_value', 'proposed_value')],
AssertionError: Lists differ: ['OBJECT_RESIZED', 'area_m2', 20.0, 36.0] != ['OBJECT_RESIZED', 'area_m2', 20, 27]

First differing element 3:
36.0
27

- ['OBJECT_RESIZED', 'area_m2', 20.0, 36.0]
?                                 --  ^^^^

+ ['OBJECT_RESIZED', 'area_m2', 20, 27]
?                                   ^^


======================================================================
FAIL: test_equal_area_different_shape_is_still_a_geometry_change (__main__.PolygonBimDiff.test_equal_area_different_shape_is_still_a_geometry_change)
----------------------------------------------------------------------
Traceback (most recent call last):
  File "/workspace/scratch/3196fa9f65d9/AI-Instruction/tests/remediation/test_polygon_bim_diff.py", line 65, in test_equal_area_different_shape_is_still_a_geometry_change
    self.assertEqual(entries[0]['field'], 'footprint')
AssertionError: 'area_m2' != 'footprint'
- area_m2
+ footprint


======================================================================
FAIL: test_equivalent_winding_and_cell_partition_do_not_create_a_change (__main__.PolygonBimDiff.test_equivalent_winding_and_cell_partition_do_not_create_a_change)
----------------------------------------------------------------------
Traceback (most recent call last):
  File "/workspace/scratch/3196fa9f65d9/AI-Instruction/tests/remediation/test_polygon_bim_diff.py", line 76, in test_equivalent_winding_and_cell_partition_do_not_create_a_change
    self.assertEqual(self.entries(p, s), [])
AssertionError: Lists differ: [{'type': 'OBJECT_RESIZED', 'canonical_id'[211 chars]one}] != []

First list contains 1 additional elements.
First extra element 0:
{'type': 'OBJECT_RESIZED', 'canonical_id': 'bld_0.flr_0.plan.polygon', 'authoring_id': None, 'source_entity_id': '#43', 'field': 'area_m2', 'old_value': 20.0, 'proposed_value': 36.0, 'mapping_basis': 'SOURCE_GLOBAL_ID', 'severity': 'WARNING', 'loss': None}

+ []
- [{'authoring_id': None,
-   'canonical_id': 'bld_0.flr_0.plan.polygon',
-   'field': 'area_m2',
-   'loss': None,
-   'mapping_basis': 'SOURCE_GLOBAL_ID',
-   'old_value': 20.0,
-   'proposed_value': 36.0,
-   'severity': 'WARNING',
-   'source_entity_id': '#43',
-   'type': 'OBJECT_RESIZED'}]

======================================================================
FAIL: test_filled_upper_core_void_targets_its_slab (__main__.PolygonBimDiff.test_filled_upper_core_void_targets_its_slab)
----------------------------------------------------------------------
Traceback (most recent call last):
  File "/workspace/scratch/3196fa9f65d9/AI-Instruction/tests/remediation/test_polygon_bim_diff.py", line 86, in test_filled_upper_core_void_targets_its_slab
    self.assertEqual(len(entries), 1)
AssertionError: 2 != 1

======================================================================
FAIL: test_identical_rectangle_l_and_negative_origin_have_no_proposal (__main__.PolygonBimDiff.test_identical_rectangle_l_and_negative_origin_have_no_proposal) (origin=[0, 0, 6, 6])
----------------------------------------------------------------------
Traceback (most recent call last):
  File "/workspace/scratch/3196fa9f65d9/AI-Instruction/tests/remediation/test_polygon_bim_diff.py", line 49, in test_identical_rectangle_l_and_negative_origin_have_no_proposal
    self.assertEqual(self.entries(*inputs(b)), [])
AssertionError: Lists differ: [{'type': 'OBJECT_RESIZED', 'canonical_id'[211 chars]one}] != []

First list contains 1 additional elements.
First extra element 0:
{'type': 'OBJECT_RESIZED', 'canonical_id': 'bld_0.flr_0.plan.polygon', 'authoring_id': None, 'source_entity_id': '#43', 'field': 'area_m2', 'old_value': 20.0, 'proposed_value': 36.0, 'mapping_basis': 'SOURCE_GLOBAL_ID', 'severity': 'WARNING', 'loss': None}

+ []
- [{'authoring_id': None,
-   'canonical_id': 'bld_0.flr_0.plan.polygon',
-   'field': 'area_m2',
-   'loss': None,
-   'mapping_basis': 'SOURCE_GLOBAL_ID',
-   'old_value': 20.0,
-   'proposed_value': 36.0,
-   'severity': 'WARNING',
-   'source_entity_id': '#43',
-   'type': 'OBJECT_RESIZED'}]

======================================================================
FAIL: test_identical_rectangle_l_and_negative_origin_have_no_proposal (__main__.PolygonBimDiff.test_identical_rectangle_l_and_negative_origin_have_no_proposal) (origin=[-100, 230, 6, 6])
----------------------------------------------------------------------
Traceback (most recent call last):
  File "/workspace/scratch/3196fa9f65d9/AI-Instruction/tests/remediation/test_polygon_bim_diff.py", line 49, in test_identical_rectangle_l_and_negative_origin_have_no_proposal
    self.assertEqual(self.entries(*inputs(b)), [])
AssertionError: Lists differ: [{'type': 'OBJECT_RESIZED', 'canonical_id'[211 chars]one}] != []

First list contains 1 additional elements.
First extra element 0:
{'type': 'OBJECT_RESIZED', 'canonical_id': 'bld_0.flr_0.plan.polygon', 'authoring_id': None, 'source_entity_id': '#45', 'field': 'area_m2', 'old_value': 20.0, 'proposed_value': 36.0, 'mapping_basis': 'SOURCE_GLOBAL_ID', 'severity': 'WARNING', 'loss': None}

+ []
- [{'authoring_id': None,
-   'canonical_id': 'bld_0.flr_0.plan.polygon',
-   'field': 'area_m2',
-   'loss': None,
-   'mapping_basis': 'SOURCE_GLOBAL_ID',
-   'old_value': 20.0,
-   'proposed_value': 36.0,
-   'severity': 'WARNING',
-   'source_entity_id': '#45',
-   'type': 'OBJECT_RESIZED'}]

----------------------------------------------------------------------
Ran 5 tests in 0.046s

FAILED (failures=6)
